<html>
<body>
<pre>
<h1>礦ision Build Log</h1>
<h2>Tool Versions:</h2>
IDE-Version: μVision V5.17.0.0
Copyright (C) 2015 ARM Ltd and ARM Germany GmbH. All rights reserved.
License Information: Sone Microsoft, Microsoft, LIC=LJWMM-XBPAS-YCFJ1-CNJ3F-4WUZ0-NH2NB
 
Tool Versions:
Toolchain:       MDK-ARM Professional  Version: 5.17
Toolchain Path:  C:\Keil_v5\ARM\ARMCC\Bin
C Compiler:      Armcc.exe V5.06 update 1 (build 61)
Assembler:       Armasm.exe V5.06 update 1 (build 61)
Linker/Locator:  ArmLink.exe V5.06 update 1 (build 61)
Library Manager: ArmAr.exe V5.06 update 1 (build 61)
Hex Converter:   FromElf.exe V5.06 update 1 (build 61)
CPU DLL:         SARMCM3.DLL V5.17
Dialog DLL:      DARMSTM.DLL V1.65.0.0
Target DLL:      Segger\JL2CM3.dll V2.99.16.0
Dialog DLL:      TARMSTM.DLL V1.64.0.0
 
<h2>Project:</h2>
F:\05产品配套资料\MiaowLabs两轮自平衡小车「小霸王Lite」光盘\02、程序源代码\Mwbalanced-stm32-小霸王Lite-firmware-互补滤波-none V3.36 - PT2470\BasicBalance.uvprojx
Project File Date:  02/20/2020

<h2>Output:</h2>
*** Using Compiler 'V5.06 update 1 (build 61)', folder: 'C:\Keil_v5\ARM\ARMCC\Bin'
Build target 'BasicBalance'
compiling misc.c...
compiling stm32f10x_exti.c...
compiling stm32f10x_dma.c...
compiling stm32f10x_i2c.c...
compiling stm32f10x_gpio.c...
compiling stm32f10x_rcc.c...
compiling stm32f10x_usart.c...
compiling stm32f10x_tim.c...
compiling stm32f10x_adc.c...
compiling core_cm3.c...
compiling stm32f10x_flash.c...
compiling system_stm32f10x.c...
assembling startup_stm32f10x_md.s...
compiling bsp.c...
compiling MPU6050.c...
compiling oled.c...
compiling ADC.c...
compiling usart.c...
compiling I2C.c...
compiling ultrasonic.c...
compiling motor.c...
compiling infrare.c...
compiling systick.c...
compiling debug.c...
compiling common.c...
compiling main.c...
compiling stm32f10x_it.c...
compiling communicate.c...
compiling dataflash.c...
compiling control.c...
compiling manage.c...
compiling display.c...
linking...
Program Size: Code=28226 RO-data=2590 RW-data=1968 ZI-data=1312  
FromELF: creating hex file...
".\Output\BasicBalance.axf" - 0 Error(s), 0 Warning(s).

<h2>Software Packages used:</h2>

Package Vendor: ARM
                http://www.keil.com/pack/ARM.CMSIS.4.5.0.pack
                ARM::CMSIS:CORE:4.3.0
                CMSIS (Cortex Microcontroller Software Interface Standard)
   * Component: CORE Version: 4.3.0

<h2>Collection of Component include folders:</h2>
  F:\05产品配套资料\MiaowLabs两轮自平衡小车「小霸王Lite」光盘\02、程序源代码\Mwbalanced-stm32-小霸王Lite-firmware-互补滤波-none V3.36 - PT2470\RTE
  C:\Keil_v5\ARM\PACK\ARM\CMSIS\4.5.0\CMSIS\Include
  C:\Keil_v5\ARM\PACK\Keil\STM32F1xx_DFP\2.2.0\Device\Include

<h2>Collection of Component Files used:</h2>

   * Component: ARM::CMSIS:CORE:4.3.0
Build Time Elapsed:  00:00:10
</pre>
</body>
</html>
