Component: ARM Compiler 5.06 update 1 (build 61) Tool: armlink [4d35a8]

==============================================================================

Section Cross References

    stm32f10x_gpio.o(.text) refers to stm32f10x_rcc.o(.text) for RCC_APB2PeriphResetCmd
    stm32f10x_i2c.o(.text) refers to stm32f10x_rcc.o(.text) for RCC_APB1PeriphResetCmd
    stm32f10x_rcc.o(.text) refers to stm32f10x_rcc.o(.data) for APBAHBPrescTable
    stm32f10x_tim.o(.text) refers to stm32f10x_rcc.o(.text) for RCC_APB2PeriphResetCmd
    stm32f10x_usart.o(.text) refers to stm32f10x_rcc.o(.text) for RCC_APB2PeriphResetCmd
    stm32f10x_adc.o(.text) refers to stm32f10x_rcc.o(.text) for RCC_APB2PeriphResetCmd
    system_stm32f10x.o(.text) refers to system_stm32f10x.o(.data) for SystemCoreClock
    startup_stm32f10x_md.o(RESET) refers to startup_stm32f10x_md.o(STACK) for __initial_sp
    startup_stm32f10x_md.o(RESET) refers to startup_stm32f10x_md.o(.text) for Reset_Handler
    startup_stm32f10x_md.o(RESET) refers to stm32f10x_it.o(.text) for NMI_Handler
    startup_stm32f10x_md.o(RESET) refers to ultrasonic.o(.text) for TIM1_CC_IRQHandler
    startup_stm32f10x_md.o(RESET) refers to motor.o(.text) for TIM2_IRQHandler
    startup_stm32f10x_md.o(.text) refers to system_stm32f10x.o(.text) for SystemInit
    startup_stm32f10x_md.o(.text) refers to entry.o(.ARM.Collect$$$$00000000) for __main
    bsp.o(.text) refers to stm32f10x_rcc.o(.text) for RCC_APB2PeriphClockCmd
    bsp.o(.text) refers to stm32f10x_gpio.o(.text) for GPIO_PinRemapConfig
    bsp.o(.text) refers to common.o(.text) for XOR_Get
    bsp.o(.text) refers to printfa.o(i.__0sprintf) for __2sprintf
    bsp.o(.text) refers to usart.o(.text) for Uart3SendStr
    bsp.o(.text) refers to adc.o(.text) for ADCInit
    bsp.o(.text) refers to ultrasonic.o(.text) for TIM1_Cap_Init
    bsp.o(.text) refers to motor.o(.text) for TIM3_PWM_Init
    bsp.o(.text) refers to i2c.o(.text) for i2cInit
    bsp.o(.text) refers to infrare.o(.text) for InfraredIOInit
    bsp.o(.text) refers to oled.o(.text) for OLED_Init
    bsp.o(.text) refers to mpu6050.o(.text) for MPU6050_Init
    bsp.o(.text) refers to bsp.o(.data) for flag
    mpu6050.o(.text) refers to i2c.o(.text) for i2cwrite
    mpu6050.o(.text) refers to mpu6050.o(.data) for g_fGyro_x
    oled.o(.text) refers to stm32f10x_rcc.o(.text) for RCC_APB2PeriphClockCmd
    oled.o(.text) refers to stm32f10x_gpio.o(.text) for GPIO_Init
    oled.o(.text) refers to common.o(.text) for delay_ms
    oled.o(.text) refers to oled.o(.constdata) for F6x8
    oled.o(.text) refers to oled.o(.data) for Hzk
    adc.o(.text) refers to stm32f10x_rcc.o(.text) for RCC_APB2PeriphClockCmd
    adc.o(.text) refers to stm32f10x_gpio.o(.text) for GPIO_Init
    adc.o(.text) refers to stm32f10x_adc.o(.text) for ADC_Init
    adc.o(.text) refers to dfltui.o(.text) for __aeabi_ui2d
    adc.o(.text) refers to dmul.o(.text) for __aeabi_dmul
    adc.o(.text) refers to d2f.o(.text) for __aeabi_d2f
    adc.o(.text) refers to ffixui.o(.text) for __aeabi_f2uiz
    usart.o(.text) refers to stm32f10x_rcc.o(.text) for RCC_APB2PeriphClockCmd
    usart.o(.text) refers to stm32f10x_gpio.o(.text) for GPIO_Init
    usart.o(.text) refers to stm32f10x_usart.o(.text) for USART_Init
    usart.o(.text) refers to misc.o(.text) for NVIC_PriorityGroupConfig
    usart.o(.text) refers to strlen.o(.text) for strlen
    i2c.o(.text) refers to stm32f10x_rcc.o(.text) for RCC_APB2PeriphClockCmd
    i2c.o(.text) refers to stm32f10x_gpio.o(.text) for GPIO_Init
    ultrasonic.o(.text) refers to stm32f10x_rcc.o(.text) for RCC_APB2PeriphClockCmd
    ultrasonic.o(.text) refers to stm32f10x_gpio.o(.text) for GPIO_Init
    ultrasonic.o(.text) refers to stm32f10x_tim.o(.text) for TIM_TimeBaseInit
    ultrasonic.o(.text) refers to misc.o(.text) for NVIC_Init
    ultrasonic.o(.text) refers to common.o(.text) for delay_us
    ultrasonic.o(.text) refers to ultrasonic.o(.data) for TIM1CH4_CAPTURE_STA
    motor.o(.text) refers to stm32f10x_rcc.o(.text) for RCC_APB2PeriphClockCmd
    motor.o(.text) refers to stm32f10x_gpio.o(.text) for GPIO_Init
    motor.o(.text) refers to stm32f10x_tim.o(.text) for TIM_TimeBaseInit
    motor.o(.text) refers to misc.o(.text) for NVIC_Init
    infrare.o(.text) refers to stm32f10x_rcc.o(.text) for RCC_APB2PeriphClockCmd
    infrare.o(.text) refers to stm32f10x_gpio.o(.text) for GPIO_Init
    infrare.o(.text) refers to infrare.o(.data) for InfrareError
    systick.o(.text) refers to system_stm32f10x.o(.text) for SystemCoreClockUpdate
    systick.o(.text) refers to systick.o(.bss) for SoftTimer
    systick.o(.text) refers to system_stm32f10x.o(.data) for SystemCoreClock
    debug.o(.text) refers to ffixi.o(.text) for __aeabi_f2iz
    debug.o(.text) refers to common.o(.text) for CRC16Calculate
    debug.o(.text) refers to usart.o(.text) for Uart1SendBuff
    debug.o(.text) refers to debug.o(.bss) for IMUData
    debug.o(.text) refers to control.o(.data) for g_fGravityAngle
[...]
    .ARM.Collect$$$$0000000D                 0x080000fc   Section        0  entry10a.o(.ARM.Collect$$$$0000000D)
    .ARM.Collect$$$$0000000F                 0x080000fc   Section        0  entry11a.o(.ARM.Collect$$$$0000000F)
    .ARM.Collect$$$$00002712                 0x080000fc   Section        4  entry2.o(.ARM.Collect$$$$00002712)
    __lit__00000000                          0x080000fc   Data           4  entry2.o(.ARM.Collect$$$$00002712)
    .text                                    0x08000100   Section        0  misc.o(.text)
    .text                                    0x080001dc   Section        0  stm32f10x_gpio.o(.text)
    .text                                    0x08000538   Section        0  stm32f10x_rcc.o(.text)
    .text                                    0x080008dc   Section        0  stm32f10x_tim.o(.text)
    TI4_Config                               0x08000d83   Thumb Code   130  stm32f10x_tim.o(.text)
    TI3_Config                               0x08000e17   Thumb Code   122  stm32f10x_tim.o(.text)
    TI2_Config                               0x08000eab   Thumb Code   130  stm32f10x_tim.o(.text)
    TI1_Config                               0x08000f3f   Thumb Code   108  stm32f10x_tim.o(.text)
    .text                                    0x080016f8   Section        0  stm32f10x_usart.o(.text)
    .text                                    0x08001b00   Section        0  stm32f10x_adc.o(.text)
    .text                                    0x08001f50   Section        0  stm32f10x_flash.o(.text)
    .text                                    0x0800250c   Section        0  system_stm32f10x.o(.text)
    SetSysClockTo72                          0x0800250d   Thumb Code   214  system_stm32f10x.o(.text)
    SetSysClock                              0x080025e3   Thumb Code     8  system_stm32f10x.o(.text)
    .text                                    0x080026ec   Section       36  startup_stm32f10x_md.o(.text)
    .text                                    0x08002710   Section        0  bsp.o(.text)
    .text                                    0x08002874   Section        0  mpu6050.o(.text)
    .text                                    0x08002978   Section        0  oled.o(.text)
    .text                                    0x08002dc8   Section        0  adc.o(.text)
    .text                                    0x08002ea0   Section        0  usart.o(.text)
    .text                                    0x08003090   Section        0  i2c.o(.text)
    I2C_delay                                0x08003091   Thumb Code    22  i2c.o(.text)
    I2C_Start                                0x080030a7   Thumb Code    90  i2c.o(.text)
    I2C_Stop                                 0x08003101   Thumb Code    56  i2c.o(.text)
    I2C_Ack                                  0x08003139   Thumb Code    58  i2c.o(.text)
    I2C_NoAck                                0x08003173   Thumb Code    56  i2c.o(.text)
    I2C_WaitAck                              0x080031ab   Thumb Code    80  i2c.o(.text)
    I2C_SendByte                             0x080031fb   Thumb Code    90  i2c.o(.text)
    I2C_ReceiveByte                          0x08003255   Thumb Code    84  i2c.o(.text)
    .text                                    0x08003448   Section        0  ultrasonic.o(.text)
    .text                                    0x08003664   Section        0  motor.o(.text)
    TIM3_GPIO_Init                           0x080036b1   Thumb Code    54  motor.o(.text)
    TIM3_Mode_Init                           0x080036e7   Thumb Code   162  motor.o(.text)
    .text                                    0x08003934   Section        0  infrare.o(.text)
    .text                                    0x08003a24   Section        0  systick.o(.text)
    .text                                    0x08003acc   Section        0  debug.o(.text)
    .text                                    0x08003c40   Section        0  main.o(.text)
    .text                                    0x08003d20   Section        0  stm32f10x_it.o(.text)
    .text                                    0x08003e20   Section        0  common.o(.text)
    .text                                    0x08003ee8   Section        0  communicate.o(.text)
    .text                                    0x0800441c   Section        0  control.o(.text)
    .text                                    0x08004ef4   Section        0  dataflash.o(.text)
    .text                                    0x0800509c   Section        0  display.o(.text)
    .text                                    0x0800529c   Section        0  memseta.o(.text)
    .text                                    0x080052c0   Section        0  strstr.o(.text)
    .text                                    0x080052e4   Section        0  strlen.o(.text)
    .text                                    0x080052f4   Section        0  strtok.o(.text)
    .text                                    0x08005338   Section        0  fadd.o(.text)
    .text                                    0x080053e8   Section        0  fmul.o(.text)
    .text                                    0x0800544c   Section        0  fdiv.o(.text)
    .text                                    0x080054c8   Section        0  dadd.o(.text)
    .text                                    0x08005616   Section        0  dmul.o(.text)
    .text                                    0x080056fa   Section        0  ddiv.o(.text)
    .text                                    0x080057d8   Section        0  fflti.o(.text)
    .text                                    0x080057ea   Section        0  dflti.o(.text)
    .text                                    0x0800580c   Section        0  dfltui.o(.text)
    .text                                    0x08005826   Section        0  ffixi.o(.text)
    .text                                    0x08005858   Section        0  ffixui.o(.text)
    .text                                    0x08005880   Section        0  dfixi.o(.text)
    .text                                    0x080058be   Section        0  dfixui.o(.text)
    .text                                    0x080058f0   Section        0  f2d.o(.text)
    .text                                    0x08005918   Section       48  cdcmple.o(.text)
    .text                                    0x08005948   Section       48  cdrcmple.o(.text)
    .text                                    0x08005978   Section        0  d2f.o(.text)
    .text                                    0x080059b0   Section       20  cfcmple.o(.text)
    .text                                    0x080059c4   Section       20  cfrcmple.o(.text)
    .text                                    0x080059d8   Section        0  uidiv.o(.text)
    .text                                    0x08005a04   Section        0  uldiv.o(.text)
    .text                                    0x08005a66   Section        0  llshl.o(.text)
    .text                                    0x08005a84   Section        0  llushr.o(.text)
    .text                                    0x08005aa4   Section        0  llsshr.o(.text)
    .text                                    0x08005ac8   Section        0  strtod.o(.text)
    _local_sscanf                            0x08005ac9   Thumb Code    54  strtod.o(.text)
    .text                                    0x08005b64   Section        0  fepilogue.o(.text)
    .text                                    0x08005b64   Section        0  iusefp.o(.text)
    .text                                    0x08005bd2   Section        0  depilogue.o(.text)
    .text                                    0x08005c8c   Section        0  dfixul.o(.text)
    .text                                    0x08005cbc   Section       36  init.o(.text)
    .text                                    0x08005ce0   Section        0  isspace_c.o(.text)
    .text                                    0x08005cec   Section        0  scanf_fp.o(.text)
    _fp_value                                0x08005ced   Thumb Code   256  scanf_fp.o(.text)
    .text                                    0x08006024   Section        0  _sgetc.o(.text)
    .text                                    0x08006064   Section        0  dscalb.o(.text)
    .text                                    0x08006094   Section        0  ctype_c.o(.text)
    .text                                    0x080060bc   Section        0  dfltul.o(.text)
    .text                                    0x080060d4   Section        0  __dczerorl2.o(.text)
    i.__0snprintf                            0x0800612c   Section        0  printfa.o(i.__0snprintf)
    i.__0sprintf                             0x08006154   Section        0  printfa.o(i.__0sprintf)
    i.__ARM_fpclassify                       0x0800617c   Section        0  fpclassify.o(i.__ARM_fpclassify)
    i.__kernel_poly                          0x080061a4   Section        0  poly.o(i.__kernel_poly)
    i.__mathlib_dbl_infnan                   0x0800624e   Section        0  dunder.o(i.__mathlib_dbl_infnan)
    i.__mathlib_dbl_infnan2                  0x08006254   Section        0  dunder.o(i.__mathlib_dbl_infnan2)
    i.__mathlib_dbl_underflow                0x08006258   Section        0  dunder.o(i.__mathlib_dbl_underflow)
    i.__read_errno                           0x08006268   Section        0  errno.o(i.__read_errno)
    i.__scatterload_copy                     0x08006274   Section       14  handlers.o(i.__scatterload_copy)
    i.__scatterload_null                     0x08006282   Section        2  handlers.o(i.__scatterload_null)
    i.__scatterload_zeroinit                 0x08006284   Section       14  handlers.o(i.__scatterload_zeroinit)
    i.__set_errno                            0x08006294   Section        0  errno.o(i.__set_errno)
    i._fp_digits                             0x080062a0   Section        0  printfa.o(i._fp_digits)
    _fp_digits                               0x080062a1   Thumb Code   334  printfa.o(i._fp_digits)
    i._is_digit                              0x08006404   Section        0  scanf_fp.o(i._is_digit)
    i._printf_core                           0x08006414   Section        0  printfa.o(i._printf_core)
    _printf_core                             0x08006415   Thumb Code  1744  printfa.o(i._printf_core)
    i._printf_post_padding                   0x08006af0   Section        0  printfa.o(i._printf_post_padding)
    _printf_post_padding                     0x08006af1   Thumb Code    36  printfa.o(i._printf_post_padding)
    i._printf_pre_padding                    0x08006b14   Section        0  printfa.o(i._printf_pre_padding)
    _printf_pre_padding                      0x08006b15   Thumb Code    46  printfa.o(i._printf_pre_padding)
    i._snputc                                0x08006b42   Section        0  printfa.o(i._snputc)
    _snputc                                  0x08006b43   Thumb Code    22  printfa.o(i._snputc)
    i._sputc                                 0x08006b58   Section        0  printfa.o(i._sputc)
    _sputc                                   0x08006b59   Thumb Code    10  printfa.o(i._sputc)
    i.atan                                   0x08006b64   Section        0  atan.o(i.atan)
    i.atan2                                  0x08006d84   Section        0  atan2.o(i.atan2)
    i.atof                                   0x08006f04   Section        0  atof.o(i.atof)
    .constdata                               0x08006f2e   Section     2072  oled.o(.constdata)
    .constdata                               0x08007746   Section       24  manage.o(.constdata)
    .constdata                               0x08007760   Section      152  atan.o(.constdata)
    atanhi                                   0x08007760   Data          32  atan.o(.constdata)
    atanlo                                   0x08007780   Data          32  atan.o(.constdata)
    aTodd                                    0x080077a0   Data          40  atan.o(.constdata)
    aTeven                                   0x080077c8   Data          48  atan.o(.constdata)
    .constdata                               0x080077f8   Section        8  qnan.o(.constdata)
    .constdata                               0x08007800   Section       64  ctype_c.o(.constdata)
    .data                                    0x20000000   Section       20  stm32f10x_rcc.o(.data)
    APBAHBPrescTable                         0x20000000   Data          16  stm32f10x_rcc.o(.data)
    ADCPrescTable                            0x20000010   Data           4  stm32f10x_rcc.o(.data)
    .data                                    0x20000014   Section       20  system_stm32f10x.o(.data)
    .data                                    0x20000028   Section        1  bsp.o(.data)
    flag                                     0x20000028   Data           1  bsp.o(.data)
    .data                                    0x2000002a   Section        6  mpu6050.o(.data)
    .data                                    0x20000030   Section      704  oled.o(.data)
    .data                                    0x200002f0   Section        1  usart.o(.data)
    .data                                    0x200002f4   Section       16  ultrasonic.o(.data)
    .data                                    0x20000304   Section        1  infrare.o(.data)
    InfrareError                             0x20000304   Data           1  infrare.o(.data)
    .data                                    0x20000305   Section        1  communicate.o(.data)
    .data                                    0x20000308   Section      152  control.o(.data)
    AbnormalSpinFlag                         0x20000390   Data           4  control.o(.data)
    count                                    0x20000394   Data           2  control.o(.data)
    lastCarAngle                             0x20000398   Data           4  control.o(.data)
    count                                    0x2000039c   Data           2  control.o(.data)
    count1                                   0x2000039e   Data           2  control.o(.data)
    .data                                    0x200003a0   Section     1025  display.o(.data)
    step                                     0x200007a0   Data           1  display.o(.data)
    .data                                    0x200007a2   Section        5  manage.o(.data)
    .data                                    0x200007a8   Section        4  strtok.o(.data)
    state                                    0x200007a8   Data           4  strtok.o(.data)
    .data                                    0x200007ac   Section        4  errno.o(.data)
    _errno                                   0x200007ac   Data           4  errno.o(.data)
    .bss                                     0x200007b0   Section      128  usart.o(.bss)
    .bss                                     0x20000830   Section       10  systick.o(.bss)
    .bss                                     0x2000083c   Section       16  debug.o(.bss)
    IMUData                                  0x2000083c   Data          16  debug.o(.bss)
    .bss                                     0x2000084c   Section      128  dataflash.o(.bss)
    FlashWBuffer                             0x2000084c   Data         128  dataflash.o(.bss)
    STACK                                    0x200008d0   Section     1024  startup_stm32f10x_md.o(STACK)

    Global Symbols

    Symbol Name                              Value     Ov Type        Size  Object(Section)

    BuildAttributes$$THM_ISAv4$P$D$K$B$S$PE$A:L22UL41UL21$X:L11$S22US41US21$IEEE1$IW$USESV6$~STKCKD$USESV7$~SHL$OTIME$ROPI$IEEEX$EBA8$MICROLIB$REQ8$PRES8$EABIv2 0x00000000   Number         0  anon$$obj.o ABSOLUTE
    __ARM_use_no_argv                        0x00000000   Number         0  main.o ABSOLUTE
    _printf_a                                0x00000000   Number         0  stubs.o ABSOLUTE
    _printf_c                                0x00000000   Number         0  stubs.o ABSOLUTE
    _printf_charcount                        0x00000000   Number         0  stubs.o ABSOLUTE
    _printf_d                                0x00000000   Number         0  stubs.o ABSOLUTE
    _printf_e                                0x00000000   Number         0  stubs.o ABSOLUTE
    _printf_f                                0x00000000   Number         0  stubs.o ABSOLUTE
    _printf_flags                            0x00000000   Number         0  stubs.o ABSOLUTE
    _printf_fp_dec                           0x00000000   Number         0  stubs.o ABSOLUTE
    _printf_fp_hex                           0x00000000   Number         0  stubs.o ABSOLUTE
    _printf_g                                0x00000000   Number         0  stubs.o ABSOLUTE
    _printf_i                                0x00000000   Number         0  stubs.o ABSOLUTE
    _printf_int_dec                          0x00000000   Number         0  stubs.o ABSOLUTE
    _printf_l                                0x00000000   Number         0  stubs.o ABSOLUTE
    _printf_lc                               0x00000000   Number         0  stubs.o ABSOLUTE
    _printf_ll                               0x00000000   Number         0  stubs.o ABSOLUTE
    _printf_lld                              0x00000000   Number         0  stubs.o ABSOLUTE
    _printf_lli                              0x00000000   Number         0  stubs.o ABSOLUTE
    _printf_llo                              0x00000000   Number         0  stubs.o ABSOLUTE
    _printf_llu                              0x00000000   Number         0  stubs.o ABSOLUTE
    _printf_llx                              0x00000000   Number         0  stubs.o ABSOLUTE
    _printf_longlong_dec                     0x00000000   Number         0  stubs.o ABSOLUTE
    _printf_longlong_hex                     0x00000000   Number         0  stubs.o ABSOLUTE
    _printf_longlong_oct                     0x00000000   Number         0  stubs.o ABSOLUTE
    _printf_ls                               0x00000000   Number         0  stubs.o ABSOLUTE
    _printf_mbtowc                           0x00000000   Number         0  stubs.o ABSOLUTE
    _printf_n                                0x00000000   Number         0  stubs.o ABSOLUTE
    _printf_o                                0x00000000   Number         0  stubs.o ABSOLUTE
    _printf_p                                0x00000000   Number         0  stubs.o ABSOLUTE
    _printf_percent                          0x00000000   Number         0  stubs.o ABSOLUTE
    _printf_pre_padding                      0x00000000   Number         0  stubs.o ABSOLUTE
    _printf_return_value                     0x00000000   Number         0  stubs.o ABSOLUTE
    _printf_s                                0x00000000   Number         0  stubs.o ABSOLUTE
    _printf_sizespec                         0x00000000   Number         0  stubs.o ABSOLUTE
    _printf_str                              0x00000000   Number         0  stubs.o ABSOLUTE
    _printf_truncate_signed                  0x00000000   Number         0  stubs.o ABSOLUTE
    _printf_truncate_unsigned                0x00000000   Number         0  stubs.o ABSOLUTE
    _printf_u                                0x00000000   Number         0  stubs.o ABSOLUTE
    _printf_wc                               0x00000000   Number         0  stubs.o ABSOLUTE
    _printf_wctomb                           0x00000000   Number         0  stubs.o ABSOLUTE
    _printf_widthprec                        0x00000000   Number         0  stubs.o ABSOLUTE
    _printf_x                                0x00000000   Number         0  stubs.o ABSOLUTE
    __cpp_initialize__aeabi_                  - Undefined Weak Reference
    __cxa_finalize                            - Undefined Weak Reference
    _clock_init                               - Undefined Weak Reference
    _microlib_exit                            - Undefined Weak Reference
    __Vectors_Size                           0x000000ec   Number         0  startup_stm32f10x_md.o ABSOLUTE
    __Vectors                                0x08000000   Data           4  startup_stm32f10x_md.o(RESET)
    __Vectors_End                            0x080000ec   Data           0  startup_stm32f10x_md.o(RESET)
    __main                                   0x080000ed   Thumb Code     0  entry.o(.ARM.Collect$$$$00000000)
    _main_stk                                0x080000ed   Thumb Code     0  entry2.o(.ARM.Collect$$$$00000001)
    _main_scatterload                        0x080000f1   Thumb Code     0  entry5.o(.ARM.Collect$$$$00000004)
    __main_after_scatterload                 0x080000f5   Thumb Code     0  entry5.o(.ARM.Collect$$$$00000004)
    _main_clock                              0x080000f5   Thumb Code     0  entry7b.o(.ARM.Collect$$$$00000008)
    _main_cpp_init                           0x080000f5   Thumb Code     0  entry8b.o(.ARM.Collect$$$$0000000A)
    _main_init                               0x080000f5   Thumb Code     0  entry9a.o(.ARM.Collect$$$$0000000B)
    __rt_final_cpp                           0x080000fd   Thumb Code     0  entry10a.o(.ARM.Collect$$$$0000000D)
    __rt_final_exit                          0x080000fd   Thumb Code     0  entry11a.o(.ARM.Collect$$$$0000000F)
    NVIC_PriorityGroupConfig                 0x08000101   Thumb Code    10  misc.o(.text)
    NVIC_Init                                0x0800010b   Thumb Code   100  misc.o(.text)
    NVIC_SetVectorTable                      0x0800016f   Thumb Code    14  misc.o(.text)
    NVIC_SystemLPConfig                      0x0800017d   Thumb Code    34  misc.o(.text)
    SysTick_CLKSourceConfig                  0x0800019f   Thumb Code    40  misc.o(.text)
    GPIO_DeInit                              0x080001dd   Thumb Code   172  stm32f10x_gpio.o(.text)
    GPIO_AFIODeInit                          0x08000289   Thumb Code    20  stm32f10x_gpio.o(.text)
    GPIO_Init                                0x0800029d   Thumb Code   278  stm32f10x_gpio.o(.text)
    GPIO_StructInit                          0x080003b3   Thumb Code    16  stm32f10x_gpio.o(.text)
    GPIO_ReadInputDataBit                    0x080003c3   Thumb Code    18  stm32f10x_gpio.o(.text)
    GPIO_ReadInputData                       0x080003d5   Thumb Code     8  stm32f10x_gpio.o(.text)
    GPIO_ReadOutputDataBit                   0x080003dd   Thumb Code    18  stm32f10x_gpio.o(.text)
    GPIO_ReadOutputData                      0x080003ef   Thumb Code     8  stm32f10x_gpio.o(.text)
    GPIO_SetBits                             0x080003f7   Thumb Code     4  stm32f10x_gpio.o(.text)
    GPIO_ResetBits                           0x080003fb   Thumb Code     4  stm32f10x_gpio.o(.text)
    GPIO_WriteBit                            0x080003ff   Thumb Code    10  stm32f10x_gpio.o(.text)
    GPIO_Write                               0x08000409   Thumb Code     4  stm32f10x_gpio.o(.text)
    GPIO_PinLockConfig                       0x0800040d   Thumb Code    18  stm32f10x_gpio.o(.text)
    GPIO_EventOutputConfig                   0x0800041f   Thumb Code    26  stm32f10x_gpio.o(.text)
    GPIO_EventOutputCmd                      0x08000439   Thumb Code     6  stm32f10x_gpio.o(.text)
    GPIO_PinRemapConfig                      0x0800043f   Thumb Code   138  stm32f10x_gpio.o(.text)
    GPIO_EXTILineConfig                      0x080004c9   Thumb Code    66  stm32f10x_gpio.o(.text)
    GPIO_ETH_MediaInterfaceConfig            0x0800050b   Thumb Code     8  stm32f10x_gpio.o(.text)
    RCC_DeInit                               0x08000539   Thumb Code    64  stm32f10x_rcc.o(.text)
    RCC_HSEConfig                            0x08000579   Thumb Code    70  stm32f10x_rcc.o(.text)
    RCC_GetFlagStatus                        0x080005bf   Thumb Code    56  stm32f10x_rcc.o(.text)
    RCC_WaitForHSEStartUp                    0x080005f7   Thumb Code    56  stm32f10x_rcc.o(.text)
    RCC_AdjustHSICalibrationValue            0x0800062f   Thumb Code    20  stm32f10x_rcc.o(.text)
    RCC_HSICmd                               0x08000643   Thumb Code     6  stm32f10x_rcc.o(.text)
    RCC_PLLConfig                            0x08000649   Thumb Code    24  stm32f10x_rcc.o(.text)
    RCC_PLLCmd                               0x08000661   Thumb Code     6  stm32f10x_rcc.o(.text)
    RCC_SYSCLKConfig                         0x08000667   Thumb Code    18  stm32f10x_rcc.o(.text)
    RCC_GetSYSCLKSource                      0x08000679   Thumb Code    10  stm32f10x_rcc.o(.text)
    RCC_HCLKConfig                           0x08000683   Thumb Code    18  stm32f10x_rcc.o(.text)
    RCC_PCLK1Config                          0x08000695   Thumb Code    18  stm32f10x_rcc.o(.text)
    RCC_PCLK2Config                          0x080006a7   Thumb Code    20  stm32f10x_rcc.o(.text)
    RCC_ITConfig                             0x080006bb   Thumb Code    26  stm32f10x_rcc.o(.text)
    RCC_USBCLKConfig                         0x080006d5   Thumb Code     8  stm32f10x_rcc.o(.text)
    RCC_ADCCLKConfig                         0x080006dd   Thumb Code    18  stm32f10x_rcc.o(.text)
    RCC_LSEConfig                            0x080006ef   Thumb Code    50  stm32f10x_rcc.o(.text)
    RCC_LSICmd                               0x08000721   Thumb Code     6  stm32f10x_rcc.o(.text)
    RCC_RTCCLKConfig                         0x08000727   Thumb Code    12  stm32f10x_rcc.o(.text)
    RCC_RTCCLKCmd                            0x08000733   Thumb Code     8  stm32f10x_rcc.o(.text)
    RCC_GetClocksFreq                        0x0800073b   Thumb Code   192  stm32f10x_rcc.o(.text)
    RCC_AHBPeriphClockCmd                    0x080007fb   Thumb Code    26  stm32f10x_rcc.o(.text)
    RCC_APB2PeriphClockCmd                   0x08000815   Thumb Code    26  stm32f10x_rcc.o(.text)
    RCC_APB1PeriphClockCmd                   0x0800082f   Thumb Code    26  stm32f10x_rcc.o(.text)
    RCC_APB2PeriphResetCmd                   0x08000849   Thumb Code    26  stm32f10x_rcc.o(.text)
    RCC_APB1PeriphResetCmd                   0x08000863   Thumb Code    26  stm32f10x_rcc.o(.text)
    RCC_BackupResetCmd                       0x0800087d   Thumb Code     8  stm32f10x_rcc.o(.text)
    RCC_ClockSecuritySystemCmd               0x08000885   Thumb Code     6  stm32f10x_rcc.o(.text)
    RCC_MCOConfig                            0x0800088b   Thumb Code     6  stm32f10x_rcc.o(.text)
    RCC_ClearFlag                            0x08000891   Thumb Code    14  stm32f10x_rcc.o(.text)
    RCC_GetITStatus                          0x0800089f   Thumb Code    20  stm32f10x_rcc.o(.text)
    RCC_ClearITPendingBit                    0x080008b3   Thumb Code     6  stm32f10x_rcc.o(.text)
    TIM_DeInit                               0x080008dd   Thumb Code   424  stm32f10x_tim.o(.text)
    TIM_TimeBaseInit                         0x08000a85   Thumb Code   122  stm32f10x_tim.o(.text)
    TIM_OC1Init                              0x08000aff   Thumb Code   132  stm32f10x_tim.o(.text)
    TIM_OC2Init                              0x08000b83   Thumb Code   154  stm32f10x_tim.o(.text)
    TIM_OC3Init                              0x08000c1d   Thumb Code   150  stm32f10x_tim.o(.text)
    TIM_OC4Init                              0x08000cb3   Thumb Code   182  stm32f10x_tim.o(.text)
    TIM_SetIC4Prescaler                      0x08000d69   Thumb Code    26  stm32f10x_tim.o(.text)
    TIM_SetIC3Prescaler                      0x08000e05   Thumb Code    18  stm32f10x_tim.o(.text)
    TIM_SetIC2Prescaler                      0x08000e91   Thumb Code    26  stm32f10x_tim.o(.text)
    TIM_SetIC1Prescaler                      0x08000f2d   Thumb Code    18  stm32f10x_tim.o(.text)
    TIM_ICInit                               0x08000fab   Thumb Code   150  stm32f10x_tim.o(.text)
    TIM_PWMIConfig                           0x08001041   Thumb Code   124  stm32f10x_tim.o(.text)
    TIM_BDTRConfig                           0x080010bd   Thumb Code    32  stm32f10x_tim.o(.text)
    TIM_TimeBaseStructInit                   0x080010dd   Thumb Code    18  stm32f10x_tim.o(.text)
    TIM_OCStructInit                         0x080010ef   Thumb Code    20  stm32f10x_tim.o(.text)
    TIM_ICStructInit                         0x08001103   Thumb Code    18  stm32f10x_tim.o(.text)
    TIM_BDTRStructInit                       0x08001115   Thumb Code    40  stm32f10x_tim.o(.text)
    TIM_Cmd                                  0x0800113d   Thumb Code    24  stm32f10x_tim.o(.text)
    TIM_CtrlPWMOutputs                       0x08001155   Thumb Code    30  stm32f10x_tim.o(.text)
    TIM_ITConfig                             0x08001173   Thumb Code    18  stm32f10x_tim.o(.text)
    TIM_GenerateEvent                        0x08001185   Thumb Code     4  stm32f10x_tim.o(.text)
    TIM_DMAConfig                            0x08001189   Thumb Code    10  stm32f10x_tim.o(.text)
    TIM_DMACmd                               0x08001193   Thumb Code    18  stm32f10x_tim.o(.text)
    TIM_InternalClockConfig                  0x080011a5   Thumb Code    12  stm32f10x_tim.o(.text)
    TIM_SelectInputTrigger                   0x080011b1   Thumb Code    18  stm32f10x_tim.o(.text)
    TIM_ITRxExternalClockConfig              0x080011c3   Thumb Code    24  stm32f10x_tim.o(.text)
    TIM_TIxExternalClockConfig               0x080011db   Thumb Code    62  stm32f10x_tim.o(.text)
    TIM_ETRConfig                            0x08001219   Thumb Code    28  stm32f10x_tim.o(.text)
    TIM_ETRClockMode1Config                  0x08001235   Thumb Code    54  stm32f10x_tim.o(.text)
    TIM_ETRClockMode2Config                  0x0800126b   Thumb Code    32  stm32f10x_tim.o(.text)
    TIM_PrescalerConfig                      0x0800128b   Thumb Code     6  stm32f10x_tim.o(.text)
    TIM_CounterModeConfig                    0x08001291   Thumb Code    18  stm32f10x_tim.o(.text)
    TIM_EncoderInterfaceConfig               0x080012a3   Thumb Code    66  stm32f10x_tim.o(.text)
    TIM_ForcedOC1Config                      0x080012e5   Thumb Code    18  stm32f10x_tim.o(.text)
    TIM_ForcedOC2Config                      0x080012f7   Thumb Code    26  stm32f10x_tim.o(.text)
    TIM_ForcedOC3Config                      0x08001311   Thumb Code    18  stm32f10x_tim.o(.text)
    TIM_ForcedOC4Config                      0x08001323   Thumb Code    26  stm32f10x_tim.o(.text)
    TIM_ARRPreloadConfig                     0x0800133d   Thumb Code    24  stm32f10x_tim.o(.text)
    TIM_SelectCOM                            0x08001355   Thumb Code    24  stm32f10x_tim.o(.text)
    TIM_SelectCCDMA                          0x0800136d   Thumb Code    24  stm32f10x_tim.o(.text)
    TIM_CCPreloadControl                     0x08001385   Thumb Code    24  stm32f10x_tim.o(.text)
    TIM_OC1PreloadConfig                     0x0800139d   Thumb Code    18  stm32f10x_tim.o(.text)
    TIM_OC2PreloadConfig                     0x080013af   Thumb Code    26  stm32f10x_tim.o(.text)
    TIM_OC3PreloadConfig                     0x080013c9   Thumb Code    18  stm32f10x_tim.o(.text)
    TIM_OC4PreloadConfig                     0x080013db   Thumb Code    26  stm32f10x_tim.o(.text)
    TIM_OC1FastConfig                        0x080013f5   Thumb Code    18  stm32f10x_tim.o(.text)
    TIM_OC2FastConfig                        0x08001407   Thumb Code    26  stm32f10x_tim.o(.text)
    TIM_OC3FastConfig                        0x08001421   Thumb Code    18  stm32f10x_tim.o(.text)
    TIM_OC4FastConfig                        0x08001433   Thumb Code    26  stm32f10x_tim.o(.text)
    TIM_ClearOC1Ref                          0x0800144d   Thumb Code    18  stm32f10x_tim.o(.text)
    TIM_ClearOC2Ref                          0x0800145f   Thumb Code    24  stm32f10x_tim.o(.text)
    TIM_ClearOC3Ref                          0x08001477   Thumb Code    18  stm32f10x_tim.o(.text)
    TIM_ClearOC4Ref                          0x08001489   Thumb Code    24  stm32f10x_tim.o(.text)
    TIM_OC1PolarityConfig                    0x080014a1   Thumb Code    18  stm32f10x_tim.o(.text)
    TIM_OC1NPolarityConfig                   0x080014b3   Thumb Code    18  stm32f10x_tim.o(.text)
    TIM_OC2PolarityConfig                    0x080014c5   Thumb Code    26  stm32f10x_tim.o(.text)
    TIM_OC2NPolarityConfig                   0x080014df   Thumb Code    26  stm32f10x_tim.o(.text)
    TIM_OC3PolarityConfig                    0x080014f9   Thumb Code    26  stm32f10x_tim.o(.text)
    TIM_OC3NPolarityConfig                   0x08001513   Thumb Code    26  stm32f10x_tim.o(.text)
    TIM_OC4PolarityConfig                    0x0800152d   Thumb Code    26  stm32f10x_tim.o(.text)
    TIM_CCxCmd                               0x08001547   Thumb Code    30  stm32f10x_tim.o(.text)
    TIM_CCxNCmd                              0x08001565   Thumb Code    30  stm32f10x_tim.o(.text)
    TIM_SelectOCxM                           0x08001583   Thumb Code    82  stm32f10x_tim.o(.text)
    TIM_UpdateDisableConfig                  0x080015d5   Thumb Code    24  stm32f10x_tim.o(.text)
    TIM_UpdateRequestConfig                  0x080015ed   Thumb Code    24  stm32f10x_tim.o(.text)
    TIM_SelectHallSensor                     0x08001605   Thumb Code    24  stm32f10x_tim.o(.text)
    TIM_SelectOnePulseMode                   0x0800161d   Thumb Code    18  stm32f10x_tim.o(.text)
    TIM_SelectOutputTrigger                  0x0800162f   Thumb Code    18  stm32f10x_tim.o(.text)
    TIM_SelectSlaveMode                      0x08001641   Thumb Code    18  stm32f10x_tim.o(.text)
    TIM_SelectMasterSlaveMode                0x08001653   Thumb Code    18  stm32f10x_tim.o(.text)
    TIM_SetCounter                           0x08001665   Thumb Code     4  stm32f10x_tim.o(.text)
    TIM_SetAutoreload                        0x08001669   Thumb Code     4  stm32f10x_tim.o(.text)
    TIM_SetCompare1                          0x0800166d   Thumb Code     4  stm32f10x_tim.o(.text)
    TIM_SetCompare2                          0x08001671   Thumb Code     4  stm32f10x_tim.o(.text)
    TIM_SetCompare3                          0x08001675   Thumb Code     4  stm32f10x_tim.o(.text)
    TIM_SetCompare4                          0x08001679   Thumb Code     6  stm32f10x_tim.o(.text)
    TIM_SetClockDivision                     0x0800167f   Thumb Code    18  stm32f10x_tim.o(.text)
    TIM_GetCapture1                          0x08001691   Thumb Code     6  stm32f10x_tim.o(.text)
    TIM_GetCapture2                          0x08001697   Thumb Code     6  stm32f10x_tim.o(.text)
    TIM_GetCapture3                          0x0800169d   Thumb Code     6  stm32f10x_tim.o(.text)
    TIM_GetCapture4                          0x080016a3   Thumb Code     8  stm32f10x_tim.o(.text)
    TIM_GetCounter                           0x080016ab   Thumb Code     6  stm32f10x_tim.o(.text)
    TIM_GetPrescaler                         0x080016b1   Thumb Code     6  stm32f10x_tim.o(.text)
    TIM_GetFlagStatus                        0x080016b7   Thumb Code    18  stm32f10x_tim.o(.text)
    TIM_ClearFlag                            0x080016c9   Thumb Code     6  stm32f10x_tim.o(.text)
    TIM_GetITStatus                          0x080016cf   Thumb Code    34  stm32f10x_tim.o(.text)
    TIM_ClearITPendingBit                    0x080016f1   Thumb Code     6  stm32f10x_tim.o(.text)
    USART_DeInit                             0x080016f9   Thumb Code   134  stm32f10x_usart.o(.text)
    USART_Init                               0x0800177f   Thumb Code   210  stm32f10x_usart.o(.text)
    USART_StructInit                         0x08001851   Thumb Code    24  stm32f10x_usart.o(.text)
    USART_ClockInit                          0x08001869   Thumb Code    34  stm32f10x_usart.o(.text)
    USART_ClockStructInit                    0x0800188b   Thumb Code    12  stm32f10x_usart.o(.text)
    USART_Cmd                                0x08001897   Thumb Code    24  stm32f10x_usart.o(.text)
    USART_ITConfig                           0x080018af   Thumb Code    74  stm32f10x_usart.o(.text)
    USART_DMACmd                             0x080018f9   Thumb Code    18  stm32f10x_usart.o(.text)
    USART_SetAddress                         0x0800190b   Thumb Code    18  stm32f10x_usart.o(.text)
    USART_WakeUpConfig                       0x0800191d   Thumb Code    18  stm32f10x_usart.o(.text)
    USART_ReceiverWakeUpCmd                  0x0800192f   Thumb Code    24  stm32f10x_usart.o(.text)
    USART_LINBreakDetectLengthConfig         0x08001947   Thumb Code    18  stm32f10x_usart.o(.text)
    USART_LINCmd                             0x08001959   Thumb Code    24  stm32f10x_usart.o(.text)
    USART_SendData                           0x08001971   Thumb Code     8  stm32f10x_usart.o(.text)
    USART_ReceiveData                        0x08001979   Thumb Code    10  stm32f10x_usart.o(.text)
    USART_SendBreak                          0x08001983   Thumb Code    10  stm32f10x_usart.o(.text)
    USART_SetGuardTime                       0x0800198d   Thumb Code    16  stm32f10x_usart.o(.text)
    USART_SetPrescaler                       0x0800199d   Thumb Code    16  stm32f10x_usart.o(.text)
    USART_SmartCardCmd                       0x080019ad   Thumb Code    24  stm32f10x_usart.o(.text)
    USART_SmartCardNACKCmd                   0x080019c5   Thumb Code    24  stm32f10x_usart.o(.text)
    USART_HalfDuplexCmd                      0x080019dd   Thumb Code    24  stm32f10x_usart.o(.text)
    USART_OverSampling8Cmd                   0x080019f5   Thumb Code    22  stm32f10x_usart.o(.text)
    USART_OneBitMethodCmd                    0x08001a0b   Thumb Code    24  stm32f10x_usart.o(.text)
    USART_IrDAConfig                         0x08001a23   Thumb Code    18  stm32f10x_usart.o(.text)
    USART_IrDACmd                            0x08001a35   Thumb Code    24  stm32f10x_usart.o(.text)
    USART_GetFlagStatus                      0x08001a4d   Thumb Code    26  stm32f10x_usart.o(.text)
    USART_ClearFlag                          0x08001a67   Thumb Code    18  stm32f10x_usart.o(.text)
    USART_GetITStatus                        0x08001a79   Thumb Code    84  stm32f10x_usart.o(.text)
    USART_ClearITPendingBit                  0x08001acd   Thumb Code    52  stm32f10x_usart.o(.text)
    ADC_DeInit                               0x08001b01   Thumb Code    78  stm32f10x_adc.o(.text)
    ADC_Init                                 0x08001b4f   Thumb Code    70  stm32f10x_adc.o(.text)
    ADC_StructInit                           0x08001b95   Thumb Code    18  stm32f10x_adc.o(.text)
    ADC_Cmd                                  0x08001ba7   Thumb Code    22  stm32f10x_adc.o(.text)
    ADC_DMACmd                               0x08001bbd   Thumb Code    22  stm32f10x_adc.o(.text)
    ADC_ITConfig                             0x08001bd3   Thumb Code    24  stm32f10x_adc.o(.text)
    ADC_ResetCalibration                     0x08001beb   Thumb Code    10  stm32f10x_adc.o(.text)
    ADC_GetResetCalibrationStatus            0x08001bf5   Thumb Code    20  stm32f10x_adc.o(.text)
    ADC_StartCalibration                     0x08001c09   Thumb Code    10  stm32f10x_adc.o(.text)
    ADC_GetCalibrationStatus                 0x08001c13   Thumb Code    20  stm32f10x_adc.o(.text)
    ADC_SoftwareStartConvCmd                 0x08001c27   Thumb Code    22  stm32f10x_adc.o(.text)
    ADC_GetSoftwareStartConvStatus           0x08001c3d   Thumb Code    20  stm32f10x_adc.o(.text)
    ADC_DiscModeChannelCountConfig           0x08001c51   Thumb Code    24  stm32f10x_adc.o(.text)
    ADC_DiscModeCmd                          0x08001c69   Thumb Code    22  stm32f10x_adc.o(.text)
    ADC_RegularChannelConfig                 0x08001c7f   Thumb Code   184  stm32f10x_adc.o(.text)
    ADC_ExternalTrigConvCmd                  0x08001d37   Thumb Code    22  stm32f10x_adc.o(.text)
    ADC_GetConversionValue                   0x08001d4d   Thumb Code     8  stm32f10x_adc.o(.text)
    ADC_GetDualModeConversionValue           0x08001d55   Thumb Code     8  stm32f10x_adc.o(.text)
    ADC_AutoInjectedConvCmd                  0x08001d5d   Thumb Code    22  stm32f10x_adc.o(.text)
    ADC_InjectedDiscModeCmd                  0x08001d73   Thumb Code    22  stm32f10x_adc.o(.text)
    ADC_ExternalTrigInjectedConvConfig       0x08001d89   Thumb Code    16  stm32f10x_adc.o(.text)
    ADC_ExternalTrigInjectedConvCmd          0x08001d99   Thumb Code    22  stm32f10x_adc.o(.text)
    ADC_SoftwareStartInjectedConvCmd         0x08001daf   Thumb Code    22  stm32f10x_adc.o(.text)
    ADC_GetSoftwareStartInjectedConvCmdStatus 0x08001dc5   Thumb Code    20  stm32f10x_adc.o(.text)
    ADC_InjectedChannelConfig                0x08001dd9   Thumb Code   130  stm32f10x_adc.o(.text)
    ADC_InjectedSequencerLengthConfig        0x08001e5b   Thumb Code    24  stm32f10x_adc.o(.text)
    ADC_SetInjectedOffset                    0x08001e73   Thumb Code    20  stm32f10x_adc.o(.text)
    ADC_GetInjectedConversionValue           0x08001e87   Thumb Code    28  stm32f10x_adc.o(.text)
    ADC_AnalogWatchdogCmd                    0x08001ea3   Thumb Code    16  stm32f10x_adc.o(.text)
    ADC_AnalogWatchdogThresholdsConfig       0x08001eb3   Thumb Code     6  stm32f10x_adc.o(.text)
    ADC_AnalogWatchdogSingleChannelConfig    0x08001eb9   Thumb Code    16  stm32f10x_adc.o(.text)
    ADC_TempSensorVrefintCmd                 0x08001ec9   Thumb Code    64  stm32f10x_adc.o(.text)
    ADC_GetFlagStatus                        0x08001f09   Thumb Code    18  stm32f10x_adc.o(.text)
    ADC_ClearFlag                            0x08001f1b   Thumb Code     6  stm32f10x_adc.o(.text)
    ADC_GetITStatus                          0x08001f21   Thumb Code    36  stm32f10x_adc.o(.text)
    ADC_ClearITPendingBit                    0x08001f45   Thumb Code    10  stm32f10x_adc.o(.text)
    FLASH_SetLatency                         0x08001f51   Thumb Code    18  stm32f10x_flash.o(.text)
    FLASH_HalfCycleAccessCmd                 0x08001f63   Thumb Code    22  stm32f10x_flash.o(.text)
    FLASH_PrefetchBufferCmd                  0x08001f79   Thumb Code    22  stm32f10x_flash.o(.text)
    FLASH_Unlock                             0x08001f8f   Thumb Code    12  stm32f10x_flash.o(.text)
    FLASH_UnlockBank1                        0x08001f9b   Thumb Code    12  stm32f10x_flash.o(.text)
    FLASH_Lock                               0x08001fa7   Thumb Code    14  stm32f10x_flash.o(.text)
    FLASH_LockBank1                          0x08001fb5   Thumb Code    14  stm32f10x_flash.o(.text)
    FLASH_GetBank1Status                     0x08001fc3   Thumb Code    48  stm32f10x_flash.o(.text)
    FLASH_WaitForLastOperation               0x08001ff3   Thumb Code    38  stm32f10x_flash.o(.text)
    FLASH_ErasePage                          0x08002019   Thumb Code    72  stm32f10x_flash.o(.text)
    FLASH_EraseAllPages                      0x08002061   Thumb Code    68  stm32f10x_flash.o(.text)
    FLASH_WaitForLastBank1Operation          0x080020a5   Thumb Code    38  stm32f10x_flash.o(.text)
    FLASH_EraseAllBank1Pages                 0x080020cb   Thumb Code    68  stm32f10x_flash.o(.text)
    FLASH_GetReadOutProtectionStatus         0x0800210f   Thumb Code    20  stm32f10x_flash.o(.text)
    FLASH_EraseOptionBytes                   0x08002123   Thumb Code   150  stm32f10x_flash.o(.text)
    FLASH_ProgramWord                        0x080021b9   Thumb Code   102  stm32f10x_flash.o(.text)
    FLASH_ProgramHalfWord                    0x0800221f   Thumb Code    60  stm32f10x_flash.o(.text)
    FLASH_ProgramOptionByteData              0x0800225b   Thumb Code    72  stm32f10x_flash.o(.text)
    FLASH_EnableWriteProtection              0x080022a3   Thumb Code   200  stm32f10x_flash.o(.text)
    FLASH_ReadOutProtection                  0x0800236b   Thumb Code   156  stm32f10x_flash.o(.text)
    FLASH_UserOptionByteConfig               0x08002407   Thumb Code    88  stm32f10x_flash.o(.text)
    FLASH_GetUserOptionByte                  0x0800245f   Thumb Code     8  stm32f10x_flash.o(.text)
    FLASH_GetWriteProtectionOptionByte       0x08002467   Thumb Code     6  stm32f10x_flash.o(.text)
    FLASH_GetPrefetchBufferStatus            0x0800246d   Thumb Code    20  stm32f10x_flash.o(.text)
    FLASH_ITConfig                           0x08002481   Thumb Code    26  stm32f10x_flash.o(.text)
    FLASH_GetFlagStatus                      0x0800249b   Thumb Code    42  stm32f10x_flash.o(.text)
    FLASH_ClearFlag                          0x080024c5   Thumb Code     6  stm32f10x_flash.o(.text)
    FLASH_GetStatus                          0x080024cb   Thumb Code    48  stm32f10x_flash.o(.text)
    SystemInit                               0x080025eb   Thumb Code    78  system_stm32f10x.o(.text)
    SystemCoreClockUpdate                    0x08002639   Thumb Code   142  system_stm32f10x.o(.text)
    Reset_Handler                            0x080026ed   Thumb Code     8  startup_stm32f10x_md.o(.text)
    ADC1_2_IRQHandler                        0x08002707   Thumb Code     0  startup_stm32f10x_md.o(.text)
    CAN1_RX1_IRQHandler                      0x08002707   Thumb Code     0  startup_stm32f10x_md.o(.text)
    CAN1_SCE_IRQHandler                      0x08002707   Thumb Code     0  startup_stm32f10x_md.o(.text)
    DMA1_Channel1_IRQHandler                 0x08002707   Thumb Code     0  startup_stm32f10x_md.o(.text)
    DMA1_Channel2_IRQHandler                 0x08002707   Thumb Code     0  startup_stm32f10x_md.o(.text)
    DMA1_Channel3_IRQHandler                 0x08002707   Thumb Code     0  startup_stm32f10x_md.o(.text)
    DMA1_Channel4_IRQHandler                 0x08002707   Thumb Code     0  startup_stm32f10x_md.o(.text)
    DMA1_Channel5_IRQHandler                 0x08002707   Thumb Code     0  startup_stm32f10x_md.o(.text)
    DMA1_Channel6_IRQHandler                 0x08002707   Thumb Code     0  startup_stm32f10x_md.o(.text)
    DMA1_Channel7_IRQHandler                 0x08002707   Thumb Code     0  startup_stm32f10x_md.o(.text)
    EXTI0_IRQHandler                         0x08002707   Thumb Code     0  startup_stm32f10x_md.o(.text)
    EXTI15_10_IRQHandler                     0x08002707   Thumb Code     0  startup_stm32f10x_md.o(.text)
    EXTI1_IRQHandler                         0x08002707   Thumb Code     0  startup_stm32f10x_md.o(.text)
    EXTI2_IRQHandler                         0x08002707   Thumb Code     0  startup_stm32f10x_md.o(.text)
    EXTI3_IRQHandler                         0x08002707   Thumb Code     0  startup_stm32f10x_md.o(.text)
    EXTI4_IRQHandler                         0x08002707   Thumb Code     0  startup_stm32f10x_md.o(.text)
    EXTI9_5_IRQHandler                       0x08002707   Thumb Code     0  startup_stm32f10x_md.o(.text)
    FLASH_IRQHandler                         0x08002707   Thumb Code     0  startup_stm32f10x_md.o(.text)
    I2C1_ER_IRQHandler                       0x08002707   Thumb Code     0  startup_stm32f10x_md.o(.text)
    I2C1_EV_IRQHandler                       0x08002707   Thumb Code     0  startup_stm32f10x_md.o(.text)
    I2C2_ER_IRQHandler                       0x08002707   Thumb Code     0  startup_stm32f10x_md.o(.text)
    I2C2_EV_IRQHandler                       0x08002707   Thumb Code     0  startup_stm32f10x_md.o(.text)
    PVD_IRQHandler                           0x08002707   Thumb Code     0  startup_stm32f10x_md.o(.text)
    RCC_IRQHandler                           0x08002707   Thumb Code     0  startup_stm32f10x_md.o(.text)
    RTCAlarm_IRQHandler                      0x08002707   Thumb Code     0  startup_stm32f10x_md.o(.text)
    RTC_IRQHandler                           0x08002707   Thumb Code     0  startup_stm32f10x_md.o(.text)
    SPI1_IRQHandler                          0x08002707   Thumb Code     0  startup_stm32f10x_md.o(.text)
    SPI2_IRQHandler                          0x08002707   Thumb Code     0  startup_stm32f10x_md.o(.text)
    TAMPER_IRQHandler                        0x08002707   Thumb Code     0  startup_stm32f10x_md.o(.text)
    TIM1_BRK_IRQHandler                      0x08002707   Thumb Code     0  startup_stm32f10x_md.o(.text)
    TIM1_TRG_COM_IRQHandler                  0x08002707   Thumb Code     0  startup_stm32f10x_md.o(.text)
    TIM3_IRQHandler                          0x08002707   Thumb Code     0  startup_stm32f10x_md.o(.text)
    USART1_IRQHandler                        0x08002707   Thumb Code     0  startup_stm32f10x_md.o(.text)
    USART2_IRQHandler                        0x08002707   Thumb Code     0  startup_stm32f10x_md.o(.text)
    USBWakeUp_IRQHandler                     0x08002707   Thumb Code     0  startup_stm32f10x_md.o(.text)
    USB_HP_CAN1_TX_IRQHandler                0x08002707   Thumb Code     0  startup_stm32f10x_md.o(.text)
    USB_LP_CAN1_RX0_IRQHandler               0x08002707   Thumb Code     0  startup_stm32f10x_md.o(.text)
    WWDG_IRQHandler                          0x08002707   Thumb Code     0  startup_stm32f10x_md.o(.text)
    SWDConfig                                0x08002711   Thumb Code    20  bsp.o(.text)
    LEDInit                                  0x08002725   Thumb Code    40  bsp.o(.text)
    LEDToggle                                0x0800274d   Thumb Code    42  bsp.o(.text)
    GetUniqueID                              0x08002777   Thumb Code    24  bsp.o(.text)
    SetBlueToothName                         0x0800278f   Thumb Code    46  bsp.o(.text)
    BspInit                                  0x080027bd   Thumb Code   120  bsp.o(.text)
    MPU6050_Init                             0x08002875   Thumb Code    78  mpu6050.o(.text)
    DataSynthesis                            0x080028c3   Thumb Code    32  mpu6050.o(.text)
    ReadAcceData                             0x080028e3   Thumb Code    48  mpu6050.o(.text)
    ReadGyroData                             0x08002913   Thumb Code    48  mpu6050.o(.text)
    MPU6050_Pose                             0x08002943   Thumb Code    34  mpu6050.o(.text)
    OLED_IO_Init                             0x08002979   Thumb Code    64  oled.o(.text)
    OLED_WR_Byte                             0x080029b9   Thumb Code   106  oled.o(.text)
    OLED_Set_Pos                             0x08002a23   Thumb Code    46  oled.o(.text)
    OLED_Display_On                          0x08002a51   Thumb Code    28  oled.o(.text)
    OLED_Display_Off                         0x08002a6d   Thumb Code    28  oled.o(.text)
    OLED_Clear                               0x08002a89   Thumb Code    64  oled.o(.text)
    OLED_ShowChar                            0x08002ac9   Thumb Code    78  oled.o(.text)
    OLED_ShowString                          0x08002b17   Thumb Code    52  oled.o(.text)
    OLED_ShowCHinese                         0x08002b4b   Thumb Code    98  oled.o(.text)
    OLED_DrawBMP                             0x08002bad   Thumb Code   118  oled.o(.text)
    OLED_DrawConvertBMP                      0x08002c23   Thumb Code   122  oled.o(.text)
    OLED_Init                                0x08002c9d   Thumb Code   298  oled.o(.text)
    ADCInit                                  0x08002dc9   Thumb Code   148  adc.o(.text)
    GetBatVoltage                            0x08002e5d   Thumb Code    52  adc.o(.text)
    USART1Init                               0x08002ea1   Thumb Code   114  usart.o(.text)
    USART3Init                               0x08002f13   Thumb Code   186  usart.o(.text)
    Uart1SendByte                            0x08002fcd   Thumb Code    28  usart.o(.text)
    Uart1SendBuff                            0x08002fe9   Thumb Code    28  usart.o(.text)
    Uart1SendStr                             0x08003005   Thumb Code    34  usart.o(.text)
    Uart3SendByte                            0x08003027   Thumb Code    28  usart.o(.text)
    Uart3SendBuff                            0x08003043   Thumb Code    28  usart.o(.text)
    Uart3SendStr                             0x0800305f   Thumb Code    34  usart.o(.text)
    i2cInit                                  0x080032a9   Thumb Code    42  i2c.o(.text)
    i2cWrite                                 0x080032d3   Thumb Code    72  i2c.o(.text)
    i2cWriteBuffer                           0x0800331b   Thumb Code   100  i2c.o(.text)
    i2cRead                                  0x0800337f   Thumb Code   120  i2c.o(.text)
    i2cwrite                                 0x080033f7   Thumb Code    38  i2c.o(.text)
    i2cread                                  0x0800341d   Thumb Code    38  i2c.o(.text)
    TIM1_Cap_Init                            0x08003449   Thumb Code   188  ultrasonic.o(.text)
    Read_Distane                             0x08003505   Thumb Code    96  ultrasonic.o(.text)
    TIM1_CC_IRQHandler                       0x08003565   Thumb Code   178  ultrasonic.o(.text)
    UltraSelfCheck                           0x08003617   Thumb Code    48  ultrasonic.o(.text)
    IsUltraOK                                0x08003647   Thumb Code     6  ultrasonic.o(.text)
    MOTOR_GPIO_Config                        0x08003665   Thumb Code    76  motor.o(.text)
    TIM3_PWM_Init                            0x08003789   Thumb Code    16  motor.o(.text)
    TIM2_Encoder_Init                        0x08003799   Thumb Code   190  motor.o(.text)
    TIM4_Encoder_Init                        0x08003857   Thumb Code   182  motor.o(.text)
    TIM2_IRQHandler                          0x0800390d   Thumb Code    12  motor.o(.text)
    TIM4_IRQHandler                          0x08003919   Thumb Code    12  motor.o(.text)
    InfraredIOInit                           0x08003935   Thumb Code    56  infrare.o(.text)
    InfraredDetect                           0x0800396d   Thumb Code    74  infrare.o(.text)
    InfrareSelfCheck                         0x080039b7   Thumb Code    84  infrare.o(.text)
    IsInfrareOK                              0x08003a0b   Thumb Code    14  infrare.o(.text)
    SoftTimerCountDown                       0x08003a25   Thumb Code    38  systick.o(.text)
    SysTick_Init                             0x08003a4b   Thumb Code   112  systick.o(.text)
    IMUToScope                               0x08003acd   Thumb Code   166  debug.o(.text)
    IMUToFourAxisMonitor                     0x08003b73   Thumb Code   162  debug.o(.text)
    DebugService                             0x08003c15   Thumb Code    28  debug.o(.text)
    SecTask                                  0x08003c41   Thumb Code    54  main.o(.text)
    main                                     0x08003c77   Thumb Code   140  main.o(.text)
    NMI_Handler                              0x08003d21   Thumb Code     2  stm32f10x_it.o(.text)
    HardFault_Handler                        0x08003d23   Thumb Code     4  stm32f10x_it.o(.text)
    MemManage_Handler                        0x08003d27   Thumb Code     4  stm32f10x_it.o(.text)
    BusFault_Handler                         0x08003d2b   Thumb Code     4  stm32f10x_it.o(.text)
    UsageFault_Handler                       0x08003d2f   Thumb Code     4  stm32f10x_it.o(.text)
    SVC_Handler                              0x08003d33   Thumb Code     2  stm32f10x_it.o(.text)
    DebugMon_Handler                         0x08003d35   Thumb Code     2  stm32f10x_it.o(.text)
    PendSV_Handler                           0x08003d37   Thumb Code     2  stm32f10x_it.o(.text)
    TIM1_UP_IRQHandler                       0x08003d39   Thumb Code     2  stm32f10x_it.o(.text)
    SysTick_Handler                          0x08003d3b   Thumb Code   142  stm32f10x_it.o(.text)
    USART3_IRQHandler                        0x08003dc9   Thumb Code    64  stm32f10x_it.o(.text)
    delay_us                                 0x08003e21   Thumb Code    26  common.o(.text)
    delay_ms                                 0x08003e3b   Thumb Code    24  common.o(.text)
    get_ms                                   0x08003e53   Thumb Code     2  common.o(.text)
    XOR_Get                                  0x08003e55   Thumb Code    28  common.o(.text)
    XOR_Check                                0x08003e71   Thumb Code    32  common.o(.text)
    Sum_Get                                  0x08003e91   Thumb Code    28  common.o(.text)
    CRC16Calculate                           0x08003ead   Thumb Code    58  common.o(.text)
    ResponseIMU                              0x08003ee9   Thumb Code    96  communicate.o(.text)
    ResponsePID                              0x08003f49   Thumb Code   142  communicate.o(.text)
    ResponseInfo                             0x08003fd7   Thumb Code    30  communicate.o(.text)
    ResponseStatus                           0x08003ff5   Thumb Code    36  communicate.o(.text)
    Parse                                    0x08004019   Thumb Code  1002  communicate.o(.text)
    CarUpstandInit                           0x0800441d   Thumb Code   100  control.o(.text)
    AbnormalSpinDetect                       0x08004481   Thumb Code   132  control.o(.text)
    LandingDetect                            0x08004505   Thumb Code   182  control.o(.text)
    MotorManage                              0x080045bb   Thumb Code   106  control.o(.text)
    SetMotorVoltageAndDirection              0x08004625   Thumb Code   180  control.o(.text)
    MotorOutput                              0x080046d9   Thumb Code   274  control.o(.text)
    GetMotorPulse                            0x080047eb   Thumb Code   288  control.o(.text)
    AngleCalculate                           0x0800490b   Thumb Code   266  control.o(.text)
    AngleControl                             0x08004a15   Thumb Code    82  control.o(.text)
    SpeedControl                             0x08004a67   Thumb Code   296  control.o(.text)
    SpeedControlOutput                       0x08004b8f   Thumb Code    64  control.o(.text)
    Scale                                    0x08004bcf   Thumb Code   150  control.o(.text)
    Steer                                    0x08004c65   Thumb Code   314  control.o(.text)
    UltraControl                             0x08004d9f   Thumb Code   140  control.o(.text)
    TailingControl                           0x08004e2b   Thumb Code   130  control.o(.text)
    ProgramFlash                             0x08004ef5   Thumb Code   108  dataflash.o(.text)
    ReadFlash                                0x08004f61   Thumb Code    28  dataflash.o(.text)
    PIDRead                                  0x08004f7d   Thumb Code    84  dataflash.o(.text)
    PIDInit                                  0x08004fd1   Thumb Code    78  dataflash.o(.text)
    PIDWrite                                 0x0800501f   Thumb Code    54  dataflash.o(.text)
    PIDReset                                 0x08005055   Thumb Code    54  dataflash.o(.text)
    ShowHomePageInit                         0x0800509d   Thumb Code    32  display.o(.text)
    ShowHomePage                             0x080050bd   Thumb Code   264  display.o(.text)
    __aeabi_memset                           0x0800529d   Thumb Code    14  memseta.o(.text)
    __aeabi_memset4                          0x0800529d   Thumb Code     0  memseta.o(.text)
    __aeabi_memset8                          0x0800529d   Thumb Code     0  memseta.o(.text)
    __aeabi_memclr                           0x080052ab   Thumb Code     4  memseta.o(.text)
    __aeabi_memclr4                          0x080052ab   Thumb Code     0  memseta.o(.text)
    __aeabi_memclr8                          0x080052ab   Thumb Code     0  memseta.o(.text)
    _memset$wrapper                          0x080052af   Thumb Code    18  memseta.o(.text)
    strstr                                   0x080052c1   Thumb Code    36  strstr.o(.text)
    strlen                                   0x080052e5   Thumb Code    14  strlen.o(.text)
    strtok                                   0x080052f5   Thumb Code    62  strtok.o(.text)
    __aeabi_fadd                             0x08005339   Thumb Code   164  fadd.o(.text)
    __aeabi_fsub                             0x080053dd   Thumb Code     6  fadd.o(.text)
    __aeabi_frsub                            0x080053e3   Thumb Code     6  fadd.o(.text)
    __aeabi_fmul                             0x080053e9   Thumb Code   100  fmul.o(.text)
    __aeabi_fdiv                             0x0800544d   Thumb Code   124  fdiv.o(.text)
    __aeabi_dadd                             0x080054c9   Thumb Code   322  dadd.o(.text)
    __aeabi_dsub                             0x0800560b   Thumb Code     6  dadd.o(.text)
    __aeabi_drsub                            0x08005611   Thumb Code     6  dadd.o(.text)
    __aeabi_dmul                             0x08005617   Thumb Code   228  dmul.o(.text)
    __aeabi_ddiv                             0x080056fb   Thumb Code   222  ddiv.o(.text)
    __aeabi_i2f                              0x080057d9   Thumb Code    18  fflti.o(.text)
    __aeabi_i2d                              0x080057eb   Thumb Code    34  dflti.o(.text)
    __aeabi_ui2d                             0x0800580d   Thumb Code    26  dfltui.o(.text)
    __aeabi_f2iz                             0x08005827   Thumb Code    50  ffixi.o(.text)
    __aeabi_f2uiz                            0x08005859   Thumb Code    40  ffixui.o(.text)
    __aeabi_d2iz                             0x08005881   Thumb Code    62  dfixi.o(.text)
    __aeabi_d2uiz                            0x080058bf   Thumb Code    50  dfixui.o(.text)
    __aeabi_f2d                              0x080058f1   Thumb Code    38  f2d.o(.text)
    __aeabi_cdcmpeq                          0x08005919   Thumb Code     0  cdcmple.o(.text)
    __aeabi_cdcmple                          0x08005919   Thumb Code    48  cdcmple.o(.text)
    __aeabi_cdrcmple                         0x08005949   Thumb Code    48  cdrcmple.o(.text)
    __aeabi_d2f                              0x08005979   Thumb Code    56  d2f.o(.text)
    __aeabi_cfcmpeq                          0x080059b1   Thumb Code     0  cfcmple.o(.text)
    __aeabi_cfcmple                          0x080059b1   Thumb Code    20  cfcmple.o(.text)
    __aeabi_cfrcmple                         0x080059c5   Thumb Code    20  cfrcmple.o(.text)
    __aeabi_uidiv                            0x080059d9   Thumb Code     0  uidiv.o(.text)
    __aeabi_uidivmod                         0x080059d9   Thumb Code    44  uidiv.o(.text)
    __aeabi_uldivmod                         0x08005a05   Thumb Code    98  uldiv.o(.text)
    __aeabi_llsl                             0x08005a67   Thumb Code    30  llshl.o(.text)
    _ll_shift_l                              0x08005a67   Thumb Code     0  llshl.o(.text)
    __aeabi_llsr                             0x08005a85   Thumb Code    32  llushr.o(.text)
    _ll_ushift_r                             0x08005a85   Thumb Code     0  llushr.o(.text)
    __aeabi_lasr                             0x08005aa5   Thumb Code    36  llsshr.o(.text)
    _ll_sshift_r                             0x08005aa5   Thumb Code     0  llsshr.o(.text)
    __strtod_int                             0x08005aff   Thumb Code    88  strtod.o(.text)
    __I$use$fp                               0x08005b65   Thumb Code     0  iusefp.o(.text)
    _float_round                             0x08005b65   Thumb Code    18  fepilogue.o(.text)
    _float_epilogue                          0x08005b77   Thumb Code    92  fepilogue.o(.text)
    _double_round                            0x08005bd3   Thumb Code    30  depilogue.o(.text)
    _double_epilogue                         0x08005bf1   Thumb Code   156  depilogue.o(.text)
    __aeabi_d2ulz                            0x08005c8d   Thumb Code    48  dfixul.o(.text)
    __scatterload                            0x08005cbd   Thumb Code    28  init.o(.text)
    __scatterload_rt2                        0x08005cbd   Thumb Code     0  init.o(.text)
    isspace                                  0x08005ce1   Thumb Code    10  isspace_c.o(.text)
    _scanf_real                              0x08005ded   Thumb Code     0  scanf_fp.o(.text)
    _scanf_really_real                       0x08005ded   Thumb Code   556  scanf_fp.o(.text)
    _sgetc                                   0x08006025   Thumb Code    30  _sgetc.o(.text)
    _sbackspace                              0x08006043   Thumb Code    34  _sgetc.o(.text)
    __ARM_scalbn                             0x08006065   Thumb Code    46  dscalb.o(.text)
    scalbn                                   0x08006065   Thumb Code     0  dscalb.o(.text)
    __ctype_lookup                           0x08006095   Thumb Code    34  ctype_c.o(.text)
    __aeabi_ul2d                             0x080060bd   Thumb Code    24  dfltul.o(.text)
    __decompress                             0x080060d5   Thumb Code     0  __dczerorl2.o(.text)
    __decompress1                            0x080060d5   Thumb Code    86  __dczerorl2.o(.text)
    __0snprintf                              0x0800612d   Thumb Code    36  printfa.o(i.__0snprintf)
    __1snprintf                              0x0800612d   Thumb Code     0  printfa.o(i.__0snprintf)
    __2snprintf                              0x0800612d   Thumb Code     0  printfa.o(i.__0snprintf)
    __c89snprintf                            0x0800612d   Thumb Code     0  printfa.o(i.__0snprintf)
    snprintf                                 0x0800612d   Thumb Code     0  printfa.o(i.__0snprintf)
    __0sprintf                               0x08006155   Thumb Code    34  printfa.o(i.__0sprintf)
    __1sprintf                               0x08006155   Thumb Code     0  printfa.o(i.__0sprintf)
    __2sprintf                               0x08006155   Thumb Code     0  printfa.o(i.__0sprintf)
    __c89sprintf                             0x08006155   Thumb Code     0  printfa.o(i.__0sprintf)
    sprintf                                  0x08006155   Thumb Code     0  printfa.o(i.__0sprintf)
    __ARM_fpclassify                         0x0800617d   Thumb Code    40  fpclassify.o(i.__ARM_fpclassify)
    __kernel_poly                            0x080061a5   Thumb Code   170  poly.o(i.__kernel_poly)
    __mathlib_dbl_infnan                     0x0800624f   Thumb Code     6  dunder.o(i.__mathlib_dbl_infnan)
    __mathlib_dbl_infnan2                    0x08006255   Thumb Code     4  dunder.o(i.__mathlib_dbl_infnan2)
    __mathlib_dbl_underflow                  0x08006259   Thumb Code    10  dunder.o(i.__mathlib_dbl_underflow)
    __read_errno                             0x08006269   Thumb Code     6  errno.o(i.__read_errno)
    __scatterload_copy                       0x08006275   Thumb Code    14  handlers.o(i.__scatterload_copy)
    __scatterload_null                       0x08006283   Thumb Code     2  handlers.o(i.__scatterload_null)
    __scatterload_zeroinit                   0x08006285   Thumb Code    14  handlers.o(i.__scatterload_zeroinit)
    __set_errno                              0x08006295   Thumb Code     6  errno.o(i.__set_errno)
    _is_digit                                0x08006405   Thumb Code    14  scanf_fp.o(i._is_digit)
    atan                                     0x08006b65   Thumb Code   474  atan.o(i.atan)
    atan2                                    0x08006d85   Thumb Code   346  atan2.o(i.atan2)
    atof                                     0x08006f05   Thumb Code    42  atof.o(i.atof)
    F6x8                                     0x08006f2e   Data         552  oled.o(.constdata)
    F8X16                                    0x08007156   Data        1520  oled.o(.constdata)
    FirmwareVer                              0x08007746   Data           5  manage.o(.constdata)
    EEPROMVer                                0x0800774b   Data           5  manage.o(.constdata)
    MCUVer                                   0x08007750   Data          14  manage.o(.constdata)
    __mathlib_zero                           0x080077f8   Data           8  qnan.o(.constdata)
    __ctype_categories                       0x08007800   Data          64  ctype_c.o(.constdata)
    Region$$Table$$Base                      0x08007840   Number         0  anon$$obj.o(Region$$Table)
    Region$$Table$$Limit                     0x08007860   Number         0  anon$$obj.o(Region$$Table)
    SystemCoreClock                          0x20000014   Data           4  system_stm32f10x.o(.data)
    AHBPrescTable                            0x20000018   Data          16  system_stm32f10x.o(.data)
    g_fGyro_x                                0x2000002a   Data           2  mpu6050.o(.data)
    g_fAccel_y                               0x2000002c   Data           2  mpu6050.o(.data)
    g_fAccel_z                               0x2000002e   Data           2  mpu6050.o(.data)
    Hzk                                      0x20000030   Data         704  oled.o(.data)
    Uart3Index                               0x200002f0   Data           1  usart.o(.data)
    TIM1CH4_CAPTURE_STA                      0x200002f4   Data           4  ultrasonic.o(.data)
    TIM1CH4_CAPTURE_VAL                      0x200002f8   Data           4  ultrasonic.o(.data)
    Distance                                 0x200002fc   Data           4  ultrasonic.o(.data)
    UltraError                               0x20000300   Data           4  ultrasonic.o(.data)
    StatusFlag                               0x20000305   Data           1  communicate.o(.data)
    g_u8MainEventCount                       0x20000308   Data           1  control.o(.data)
    g_u8SpeedControlCount                    0x20000309   Data           1  control.o(.data)
    g_u8SpeedControlPeriod                   0x2000030a   Data           1  control.o(.data)
    g_u8DirectionControlPeriod               0x2000030b   Data           1  control.o(.data)
    g_u8DirectionControlCount                0x2000030c   Data           1  control.o(.data)
    g_cMotorDisable                          0x2000030d   Data           1  control.o(.data)
    g_iGravity_Offset                        0x20000310   Data           4  control.o(.data)
    g_fSpeedControlOut                       0x20000314   Data           4  control.o(.data)
    g_fSpeedControlOutOld                    0x20000318   Data           4  control.o(.data)
    g_fSpeedControlOutNew                    0x2000031c   Data           4  control.o(.data)
    g_fAngleControlOut                       0x20000320   Data           4  control.o(.data)
    g_fLeftMotorOut                          0x20000324   Data           4  control.o(.data)
    g_fRightMotorOut                         0x20000328   Data           4  control.o(.data)
    g_s16LeftMotorPulse                      0x2000032c   Data           2  control.o(.data)
    g_s16RightMotorPulse                     0x2000032e   Data           2  control.o(.data)
    g_s32LeftMotorPulseOld                   0x20000330   Data           4  control.o(.data)
    g_s32RightMotorPulseOld                  0x20000334   Data           4  control.o(.data)
    g_s32LeftMotorPulseSigma                 0x20000338   Data           4  control.o(.data)
    g_s32RightMotorPulseSigma                0x2000033c   Data           4  control.o(.data)
    g_fCarSpeed                              0x20000340   Data           4  control.o(.data)
    g_iCarSpeedSet                           0x20000344   Data           4  control.o(.data)
    g_fCarSpeedOld                           0x20000348   Data           4  control.o(.data)
    g_fCarPosition                           0x2000034c   Data           4  control.o(.data)
    g_tCarAnglePID                           0x20000350   Data          12  control.o(.data)
    g_tCarSpeedPID                           0x2000035c   Data          12  control.o(.data)
    g_fBluetoothSpeed                        0x20000368   Data           4  control.o(.data)
    g_fBluetoothDirection                    0x2000036c   Data           4  control.o(.data)
    g_fBluetoothDirectionOld                 0x20000370   Data           4  control.o(.data)
    g_fBluetoothDirectionNew                 0x20000374   Data           4  control.o(.data)
    g_fBluetoothDirectionOut                 0x20000378   Data           4  control.o(.data)
    g_fCarAngle                              0x2000037c   Data           4  control.o(.data)
    g_fGyroAngleSpeed                        0x20000380   Data           4  control.o(.data)
    g_fGravityAngle                          0x20000384   Data           4  control.o(.data)
    g_iLeftTurnRoundCnt                      0x20000388   Data           4  control.o(.data)
    g_iRightTurnRoundCnt                     0x2000038c   Data           4  control.o(.data)
    LOGO                                     0x200003a0   Data        1024  display.o(.data)
    g_RunTime                                0x200007a2   Data           2  manage.o(.data)
    g_BatVolt                                0x200007a4   Data           2  manage.o(.data)
    g_CarRunningMode                         0x200007a6   Data           1  manage.o(.data)
    Uart3Buffer                              0x200007b0   Data         128  usart.o(.bss)
    SoftTimer                                0x20000830   Data          10  systick.o(.bss)
    __initial_sp                             0x20000cd0   Data           0  startup_stm32f10x_md.o(STACK)



==============================================================================

Memory Map of the image

  Image Entry point : 0x080000ed

  Load Region LR_IROM1 (Base: 0x08000000, Size: 0x00008010, Max: 0x00010000, ABSOLUTE, COMPRESSED[0x00007b40])

    Execution Region ER_IROM1 (Base: 0x08000000, Size: 0x00007860, Max: 0x00010000, ABSOLUTE)

    Base Addr    Size         Type   Attr      Idx    E Section Name        Object

    0x08000000   0x000000ec   Data   RO          213    RESET               startup_stm32f10x_md.o
    0x080000ec   0x00000000   Code   RO          633  * .ARM.Collect$$$$00000000  mc_w.l(entry.o)
    0x080000ec   0x00000004   Code   RO          972    .ARM.Collect$$$$00000001  mc_w.l(entry2.o)
    0x080000f0   0x00000004   Code   RO          975    .ARM.Collect$$$$00000004  mc_w.l(entry5.o)
    0x080000f4   0x00000000   Code   RO          977    .ARM.Collect$$$$00000008  mc_w.l(entry7b.o)
    0x080000f4   0x00000000   Code   RO          979    .ARM.Collect$$$$0000000A  mc_w.l(entry8b.o)
    0x080000f4   0x00000008   Code   RO          980    .ARM.Collect$$$$0000000B  mc_w.l(entry9a.o)
    0x080000fc   0x00000000   Code   RO          982    .ARM.Collect$$$$0000000D  mc_w.l(entry10a.o)
    0x080000fc   0x00000000   Code   RO          984    .ARM.Collect$$$$0000000F  mc_w.l(entry11a.o)
    0x080000fc   0x00000004   Code   RO          973    .ARM.Collect$$$$00002712  mc_w.l(entry2.o)
    0x08000100   0x000000dc   Code   RO            1    .text               misc.o
    0x080001dc   0x0000035c   Code   RO           80    .text               stm32f10x_gpio.o
    0x08000538   0x000003a4   Code   RO          104    .text               stm32f10x_rcc.o
    0x080008dc   0x00000e1a   Code   RO          118    .text               stm32f10x_tim.o
    0x080016f6   0x00000002   PAD
    0x080016f8   0x00000408   Code   RO          130    .text               stm32f10x_usart.o
    0x08001b00   0x0000044e   Code   RO          142    .text               stm32f10x_adc.o
    0x08001f4e   0x00000002   PAD
    0x08001f50   0x000005bc   Code   RO          157    .text               stm32f10x_flash.o
    0x0800250c   0x000001e0   Code   RO          183    .text               system_stm32f10x.o
    0x080026ec   0x00000024   Code   RO          214    .text               startup_stm32f10x_md.o
    0x08002710   0x00000164   Code   RO          218    .text               bsp.o
    0x08002874   0x00000104   Code   RO          268    .text               mpu6050.o
    0x08002978   0x0000044e   Code   RO          283    .text               oled.o
    0x08002dc6   0x00000002   PAD
    0x08002dc8   0x000000d8   Code   RO          302    .text               adc.o
    0x08002ea0   0x000001f0   Code   RO          314    .text               usart.o
    0x08003090   0x000003b8   Code   RO          342    .text               i2c.o
    0x08003448   0x0000021c   Code   RO          354    .text               ultrasonic.o
    0x08003664   0x000002d0   Code   RO          372    .text               motor.o
    0x08003934   0x000000f0   Code   RO          384    .text               infrare.o
    0x08003a24   0x000000a8   Code   RO          398    .text               systick.o
    0x08003acc   0x00000174   Code   RO          420    .text               debug.o
    0x08003c40   0x000000e0   Code   RO          445    .text               main.o
    0x08003d20   0x00000100   Code   RO          475    .text               stm32f10x_it.o
    0x08003e20   0x000000c6   Code   RO          494    .text               common.o
    0x08003ee6   0x00000002   PAD
    0x08003ee8   0x00000534   Code   RO          506    .text               communicate.o
    0x0800441c   0x00000ad8   Code   RO          531    .text               control.o
    0x08004ef4   0x000001a8   Code   RO          571    .text               dataflash.o
    0x0800509c   0x00000200   Code   RO          585    .text               display.o
    0x0800529c   0x00000024   Code   RO          636    .text               mc_w.l(memseta.o)
    0x080052c0   0x00000024   Code   RO          638    .text               mc_w.l(strstr.o)
    0x080052e4   0x0000000e   Code   RO          640    .text               mc_w.l(strlen.o)
    0x080052f2   0x00000002   PAD
    0x080052f4   0x00000044   Code   RO          642    .text               mc_w.l(strtok.o)
    0x08005338   0x000000b0   Code   RO          909    .text               mf_w.l(fadd.o)
    0x080053e8   0x00000064   Code   RO          911    .text               mf_w.l(fmul.o)
    0x0800544c   0x0000007c   Code   RO          913    .text               mf_w.l(fdiv.o)
    0x080054c8   0x0000014e   Code   RO          915    .text               mf_w.l(dadd.o)
    0x08005616   0x000000e4   Code   RO          917    .text               mf_w.l(dmul.o)
    0x080056fa   0x000000de   Code   RO          919    .text               mf_w.l(ddiv.o)
    0x080057d8   0x00000012   Code   RO          921    .text               mf_w.l(fflti.o)
    0x080057ea   0x00000022   Code   RO          923    .text               mf_w.l(dflti.o)
    0x0800580c   0x0000001a   Code   RO          925    .text               mf_w.l(dfltui.o)
    0x08005826   0x00000032   Code   RO          927    .text               mf_w.l(ffixi.o)
    0x08005858   0x00000028   Code   RO          929    .text               mf_w.l(ffixui.o)
    0x08005880   0x0000003e   Code   RO          931    .text               mf_w.l(dfixi.o)
    0x080058be   0x00000032   Code   RO          933    .text               mf_w.l(dfixui.o)
    0x080058f0   0x00000026   Code   RO          935    .text               mf_w.l(f2d.o)
    0x08005916   0x00000002   PAD
    0x08005918   0x00000030   Code   RO          937    .text               mf_w.l(cdcmple.o)
    0x08005948   0x00000030   Code   RO          939    .text               mf_w.l(cdrcmple.o)
    0x08005978   0x00000038   Code   RO          941    .text               mf_w.l(d2f.o)
    0x080059b0   0x00000014   Code   RO          943    .text               mf_w.l(cfcmple.o)
    0x080059c4   0x00000014   Code   RO          945    .text               mf_w.l(cfrcmple.o)
    0x080059d8   0x0000002c   Code   RO          989    .text               mc_w.l(uidiv.o)
    0x08005a04   0x00000062   Code   RO          991    .text               mc_w.l(uldiv.o)
    0x08005a66   0x0000001e   Code   RO          993    .text               mc_w.l(llshl.o)
    0x08005a84   0x00000020   Code   RO          995    .text               mc_w.l(llushr.o)
    0x08005aa4   0x00000024   Code   RO          997    .text               mc_w.l(llsshr.o)
    0x08005ac8   0x0000009c   Code   RO         1006    .text               mc_w.l(strtod.o)
    0x08005b64   0x00000000   Code   RO         1008    .text               mc_w.l(iusefp.o)
    0x08005b64   0x0000006e   Code   RO         1009    .text               mf_w.l(fepilogue.o)
    0x08005bd2   0x000000ba   Code   RO         1011    .text               mf_w.l(depilogue.o)
    0x08005c8c   0x00000030   Code   RO         1013    .text               mf_w.l(dfixul.o)
    0x08005cbc   0x00000024   Code   RO         1019    .text               mc_w.l(init.o)
    0x08005ce0   0x0000000a   Code   RO         1022    .text               mc_w.l(isspace_c.o)
    0x08005cea   0x00000002   PAD
    0x08005cec   0x00000338   Code   RO         1024    .text               mc_w.l(scanf_fp.o)
    0x08006024   0x00000040   Code   RO         1028    .text               mc_w.l(_sgetc.o)
    0x08006064   0x0000002e   Code   RO         1031    .text               mf_w.l(dscalb.o)
    0x08006092   0x00000002   PAD
    0x08006094   0x00000028   Code   RO         1033    .text               mc_w.l(ctype_c.o)
    0x080060bc   0x00000018   Code   RO         1036    .text               mf_w.l(dfltul.o)
    0x080060d4   0x00000056   Code   RO         1046    .text               mc_w.l(__dczerorl2.o)
    0x0800612a   0x00000002   PAD
    0x0800612c   0x00000028   Code   RO          882    i.__0snprintf       mc_w.l(printfa.o)
    0x08006154   0x00000028   Code   RO          883    i.__0sprintf        mc_w.l(printfa.o)
    0x0800617c   0x00000028   Code   RO         1015    i.__ARM_fpclassify  m_ws.l(fpclassify.o)
    0x080061a4   0x000000aa   Code   RO         1017    i.__kernel_poly     m_ws.l(poly.o)
    0x0800624e   0x00000006   Code   RO          958    i.__mathlib_dbl_infnan  m_ws.l(dunder.o)
    0x08006254   0x00000004   Code   RO          959    i.__mathlib_dbl_infnan2  m_ws.l(dunder.o)
    0x08006258   0x00000010   Code   RO          963    i.__mathlib_dbl_underflow  m_ws.l(dunder.o)
    0x08006268   0x0000000c   Code   RO         1000    i.__read_errno      mc_w.l(errno.o)
    0x08006274   0x0000000e   Code   RO         1040    i.__scatterload_copy  mc_w.l(handlers.o)
    0x08006282   0x00000002   Code   RO         1041    i.__scatterload_null  mc_w.l(handlers.o)
    0x08006284   0x0000000e   Code   RO         1042    i.__scatterload_zeroinit  mc_w.l(handlers.o)
    0x08006292   0x00000002   PAD
    0x08006294   0x0000000c   Code   RO         1001    i.__set_errno       mc_w.l(errno.o)
    0x080062a0   0x00000164   Code   RO          888    i._fp_digits        mc_w.l(printfa.o)
    0x08006404   0x0000000e   Code   RO         1026    i._is_digit         mc_w.l(scanf_fp.o)
    0x08006412   0x00000002   PAD
    0x08006414   0x000006dc   Code   RO          889    i._printf_core      mc_w.l(printfa.o)
    0x08006af0   0x00000024   Code   RO          890    i._printf_post_padding  mc_w.l(printfa.o)
    0x08006b14   0x0000002e   Code   RO          891    i._printf_pre_padding  mc_w.l(printfa.o)
    0x08006b42   0x00000016   Code   RO          892    i._snputc           mc_w.l(printfa.o)
    0x08006b58   0x0000000a   Code   RO          893    i._sputc            mc_w.l(printfa.o)
    0x08006b62   0x00000002   PAD
    0x08006b64   0x00000220   Code   RO          948    i.atan              m_ws.l(atan.o)
    0x08006d84   0x00000180   Code   RO          622    i.atan2             m_ws.l(atan2.o)
    0x08006f04   0x0000002a   Code   RO          630    i.atof              m_ws.l(atof.o)
    0x08006f2e   0x00000818   Data   RO          284    .constdata          oled.o
    0x08007746   0x00000018   Data   RO          608    .constdata          manage.o
    0x0800775e   0x00000002   PAD
    0x08007760   0x00000098   Data   RO          949    .constdata          m_ws.l(atan.o)
    0x080077f8   0x00000008   Data   RO          971    .constdata          m_ws.l(qnan.o)
    0x08007800   0x00000040   Data   RO         1034    .constdata          mc_w.l(ctype_c.o)
    0x08007840   0x00000020   Data   RO         1038    Region$$Table       anon$$obj.o


    Execution Region RW_IRAM1 (Base: 0x20000000, Size: 0x00000cd0, Max: 0x00005000, ABSOLUTE, COMPRESSED[0x000002e0])

    Base Addr    Size         Type   Attr      Idx    E Section Name        Object

    0x20000000   0x00000014   Data   RW          105    .data               stm32f10x_rcc.o
    0x20000014   0x00000014   Data   RW          184    .data               system_stm32f10x.o
    0x20000028   0x00000001   Data   RW          219    .data               bsp.o
    0x20000029   0x00000001   PAD
    0x2000002a   0x00000006   Data   RW          269    .data               mpu6050.o
    0x20000030   0x000002c0   Data   RW          285    .data               oled.o
    0x200002f0   0x00000001   Data   RW          316    .data               usart.o
    0x200002f1   0x00000003   PAD
    0x200002f4   0x00000010   Data   RW          355    .data               ultrasonic.o
    0x20000304   0x00000001   Data   RW          385    .data               infrare.o
    0x20000305   0x00000001   Data   RW          507    .data               communicate.o
    0x20000306   0x00000002   PAD
    0x20000308   0x00000098   Data   RW          532    .data               control.o
    0x200003a0   0x00000401   Data   RW          586    .data               display.o
    0x200007a1   0x00000001   PAD
    0x200007a2   0x00000005   Data   RW          609    .data               manage.o
    0x200007a7   0x00000001   PAD
    0x200007a8   0x00000004   Data   RW          643    .data               mc_w.l(strtok.o)
    0x200007ac   0x00000004   Data   RW         1002    .data               mc_w.l(errno.o)
    0x200007b0   0x00000080   Zero   RW          315    .bss                usart.o
    0x20000830   0x0000000a   Zero   RW          399    .bss                systick.o
    0x2000083a   0x00000002   PAD
    0x2000083c   0x00000010   Zero   RW          421    .bss                debug.o
    0x2000084c   0x00000080   Zero   RW          572    .bss                dataflash.o
    0x200008cc   0x00000004   PAD
    0x200008d0   0x00000400   Zero   RW          211    STACK               startup_stm32f10x_md.o


==============================================================================

Image component sizes


      Code (inc. data)   RO Data    RW Data    ZI Data      Debug   Object Name

       216         16          0          0          0        924   adc.o
       356         64          0          1          0       1423   bsp.o
       198          0          0          0          0       2180   common.o
      1332        232          0          1          0       2673   communicate.o
      2776        440          0        152          0       7484   control.o
         0          0          0          0          0         32   core_cm3.o
       424         18          0          0        128       2655   dataflash.o
       372         16          0          0         16       2087   debug.o
       512        216          0       1025          0       1619   display.o
       952          6          0          0          0       4427   i2c.o
       240         12          0          1          0       1541   infrare.o
       224         30          0          0          0        799   main.o
         0          0         24          5          0       1012   manage.o
       220         22          0          0          0     253893   misc.o
       720         16          0          0          0       2274   motor.o
       260         20          0          6          0       2706   mpu6050.o
      1102         18       2072        704          0       4544   oled.o
        36          8        236          0       1024        880   startup_stm32f10x_md.o
      1102         26          0          0          0      20329   stm32f10x_adc.o
      1468         34          0          0          0      14802   stm32f10x_flash.o
       860         38          0          0          0       5893   stm32f10x_gpio.o
       256         24          0          0          0       1751   stm32f10x_it.o
       932         36          0         20          0       9172   stm32f10x_rcc.o
      3610         88          0          0          0      23000   stm32f10x_tim.o
      1032         22          0          0          0       8616   stm32f10x_usart.o
       480         38          0         20          0       2111   system_stm32f10x.o
       168         18          0          0         10      16945   systick.o
       540         24          0         16          0       2007   ultrasonic.o
       496         16          0          1        128       3287   usart.o

    ----------------------------------------------------------------------
     20892       1498       2366       1960       1312     401066   Object Totals
         0          0         32          0          0          0   (incl. Generated)
         8          0          2          8          6          0   (incl. Padding)

    ----------------------------------------------------------------------

      Code (inc. data)   RO Data    RW Data    ZI Data      Debug   Library Member Name

       544         70        152          0          0        124   atan.o
       384         38          0          0          0        144   atan2.o
        42          0          0          0          0         84   atof.o
        26          6          0          0          0        204   dunder.o
        40          0          0          0          0         68   fpclassify.o
       170          0          0          0          0         96   poly.o
         0          0          8          0          0          0   qnan.o
        86          0          0          0          0          0   __dczerorl2.o
        64          0          0          0          0         84   _sgetc.o
        40          6         64          0          0         68   ctype_c.o
         0          0          0          0          0          0   entry.o
         0          0          0          0          0          0   entry10a.o
         0          0          0          0          0          0   entry11a.o
         8          4          0          0          0          0   entry2.o
         4          0          0          0          0          0   entry5.o
         0          0          0          0          0          0   entry7b.o
         0          0          0          0          0          0   entry8b.o
         8          4          0          0          0          0   entry9a.o
        24         12          0          4          0        136   errno.o
        30          0          0          0          0          0   handlers.o
        36          8          0          0          0         68   init.o
        10          0          0          0          0         68   isspace_c.o
         0          0          0          0          0          0   iusefp.o
        30          0          0          0          0         68   llshl.o
        36          0          0          0          0         68   llsshr.o
        32          0          0          0          0         68   llushr.o
        36          0          0          0          0        108   memseta.o
      2306         90          0          0          0        664   printfa.o
       838         12          0          0          0        216   scanf_fp.o
        14          0          0          0          0         68   strlen.o
        36          0          0          0          0         80   strstr.o
       156         14          0          0          0        120   strtod.o
        68          6          0          4          0         80   strtok.o
        44          0          0          0          0         80   uidiv.o
        98          0          0          0          0         92   uldiv.o
        48          0          0          0          0         68   cdcmple.o
        48          0          0          0          0         68   cdrcmple.o
        20          0          0          0          0         68   cfcmple.o
        20          0          0          0          0         68   cfrcmple.o
        56          0          0          0          0         88   d2f.o
       334          0          0          0          0        148   dadd.o
       222          0          0          0          0        100   ddiv.o
       186          0          0          0          0        176   depilogue.o
        62          0          0          0          0         80   dfixi.o
        50          0          0          0          0         76   dfixui.o
        48          0          0          0          0         68   dfixul.o
        34          0          0          0          0         76   dflti.o
        26          0          0          0          0         76   dfltui.o
        24          0          0          0          0         76   dfltul.o
       228          0          0          0          0         96   dmul.o
        46          0          0          0          0         80   dscalb.o
        38          0          0          0          0         68   f2d.o
       176          0          0          0          0        140   fadd.o
       124          0          0          0          0         88   fdiv.o
       110          0          0          0          0        168   fepilogue.o
        50          0          0          0          0         68   ffixi.o
        40          0          0          0          0         68   ffixui.o
        18          0          0          0          0         68   fflti.o
       100          0          0          0          0         76   fmul.o

    ----------------------------------------------------------------------
      7334        270        224          8          0       5012   Library Totals
        16          0          0          0          0          0   (incl. Padding)

    ----------------------------------------------------------------------

      Code (inc. data)   RO Data    RW Data    ZI Data      Debug   Library Name

      1206        114        160          0          0        720   m_ws.l
      4004        156         64          8          0       2136   mc_w.l
      2108          0          0          0          0       2156   mf_w.l

    ----------------------------------------------------------------------
      7334        270        224          8          0       5012   Library Totals

    ----------------------------------------------------------------------

==============================================================================


      Code (inc. data)   RO Data    RW Data    ZI Data      Debug   

     28226       1768       2590       1968       1312     401214   Grand Totals
     28226       1768       2590        736       1312     401214   ELF Image Totals (compressed)
     28226       1768       2590        736          0          0   ROM Totals

==============================================================================

    Total RO  Size (Code + RO Data)                30816 (  30.09kB)
    Total RW  Size (RW Data + ZI Data)              3280 (   3.20kB)
    Total ROM Size (Code + RO Data + RW Data)      31552 (  30.81kB)

==============================================================================

